Archive member included to satisfy reference by file (symbol)

/opt/Atollic_TrueSTUDIO_for_STM32_x86_64_9.2.0/ARMTools/bin/../lib/gcc/arm-atollic-eabi/6.3.1/../../../../arm-atollic-eabi/lib/armv7e-m/fpu/libc_nano.a(lib_a-init.o)
                              startup/startup_stm32f407xx.o (__libc_init_array)
/opt/Atollic_TrueSTUDIO_for_STM32_x86_64_9.2.0/ARMTools/bin/../lib/gcc/arm-atollic-eabi/6.3.1/../../../../arm-atollic-eabi/lib/armv7e-m/fpu/libc_nano.a(lib_a-memset.o)
                              Src/main.o (memset)
/opt/Atollic_TrueSTUDIO_for_STM32_x86_64_9.2.0/ARMTools/bin/../lib/gcc/arm-atollic-eabi/6.3.1/../../../../arm-atollic-eabi/lib/armv7e-m/fpu/libc_nano.a(lib_a-strlen.o)
                              Src/main.o (strlen)
/opt/Atollic_TrueSTUDIO_for_STM32_x86_64_9.2.0/ARMTools/bin/../lib/gcc/arm-atollic-eabi/6.3.1/armv7e-m/fpu/libgcc.a(_aeabi_uldivmod.o)
                              Drivers/STM32F4xx_HAL_Driver/Src/stm32f4xx_hal_rcc.o (__aeabi_uldivmod)
/opt/Atollic_TrueSTUDIO_for_STM32_x86_64_9.2.0/ARMTools/bin/../lib/gcc/arm-atollic-eabi/6.3.1/armv7e-m/fpu/libgcc.a(_udivmoddi4.o)
                              /opt/Atollic_TrueSTUDIO_for_STM32_x86_64_9.2.0/ARMTools/bin/../lib/gcc/arm-atollic-eabi/6.3.1/armv7e-m/fpu/libgcc.a(_aeabi_uldivmod.o) (__udivmoddi4)
/opt/Atollic_TrueSTUDIO_for_STM32_x86_64_9.2.0/ARMTools/bin/../lib/gcc/arm-atollic-eabi/6.3.1/armv7e-m/fpu/libgcc.a(_dvmd_tls.o)
                              /opt/Atollic_TrueSTUDIO_for_STM32_x86_64_9.2.0/ARMTools/bin/../lib/gcc/arm-atollic-eabi/6.3.1/armv7e-m/fpu/libgcc.a(_aeabi_uldivmod.o) (__aeabi_ldiv0)

Allocating common symbols
Common symbol       size              file

uwTick              0x4               Drivers/STM32F4xx_HAL_Driver/Src/stm32f4xx_hal.o
pFlash              0x20              Drivers/STM32F4xx_HAL_Driver/Src/stm32f4xx_hal_flash.o
buffer              0x64              Src/main.o
huart2              0x40              Src/main.o
len                 0x4               Src/main.o

Discarded input sections

 .text          0x0000000000000000        0x0 /opt/Atollic_TrueSTUDIO_for_STM32_x86_64_9.2.0/ARMTools/bin/../lib/gcc/arm-atollic-eabi/6.3.1/armv7e-m/fpu/crti.o
 .data          0x0000000000000000        0x0 /opt/Atollic_TrueSTUDIO_for_STM32_x86_64_9.2.0/ARMTools/bin/../lib/gcc/arm-atollic-eabi/6.3.1/armv7e-m/fpu/crti.o
 .bss           0x0000000000000000        0x0 /opt/Atollic_TrueSTUDIO_for_STM32_x86_64_9.2.0/ARMTools/bin/../lib/gcc/arm-atollic-eabi/6.3.1/armv7e-m/fpu/crti.o
 .data          0x0000000000000000        0x4 /opt/Atollic_TrueSTUDIO_for_STM32_x86_64_9.2.0/ARMTools/bin/../lib/gcc/arm-atollic-eabi/6.3.1/armv7e-m/fpu/crtbegin.o
 .text          0x0000000000000000        0x0 Drivers/STM32F4xx_HAL_Driver/Src/stm32f4xx_hal.o
 .data          0x0000000000000000        0x0 Drivers/STM32F4xx_HAL_Driver/Src/stm32f4xx_hal.o
 .bss           0x0000000000000000        0x0 Drivers/STM32F4xx_HAL_Driver/Src/stm32f4xx_hal.o
 .text.HAL_MspInit
                0x0000000000000000        0x2 Drivers/STM32F4xx_HAL_Driver/Src/stm32f4xx_hal.o
 .text.HAL_MspDeInit
                0x0000000000000000        0x2 Drivers/STM32F4xx_HAL_Driver/Src/stm32f4xx_hal.o
 .text.HAL_DeInit
                0x0000000000000000       0x2c Drivers/STM32F4xx_HAL_Driver/Src/stm32f4xx_hal.o
 .text.HAL_GetTickPrio
                0x0000000000000000        0xc Drivers/STM32F4xx_HAL_Driver/Src/stm32f4xx_hal.o
 .text.HAL_SetTickFreq
                0x0000000000000000       0x24 Drivers/STM32F4xx_HAL_Driver/Src/stm32f4xx_hal.o
 .text.HAL_GetTickFreq
                0x0000000000000000        0xc Drivers/STM32F4xx_HAL_Driver/Src/stm32f4xx_hal.o
 .text.HAL_SuspendTick
                0x0000000000000000       0x10 Drivers/STM32F4xx_HAL_Driver/Src/stm32f4xx_hal.o
 .text.HAL_ResumeTick
                0x0000000000000000       0x10 Drivers/STM32F4xx_HAL_Driver/Src/stm32f4xx_hal.o
 .text.HAL_GetHalVersion
                0x0000000000000000        0x8 Drivers/STM32F4xx_HAL_Driver/Src/stm32f4xx_hal.o
 .text.HAL_GetREVID
                0x0000000000000000        0xc Drivers/STM32F4xx_HAL_Driver/Src/stm32f4xx_hal.o
 .text.HAL_GetDEVID
                0x0000000000000000       0x10 Drivers/STM32F4xx_HAL_Driver/Src/stm32f4xx_hal.o
 .text.HAL_DBGMCU_EnableDBGSleepMode
                0x0000000000000000       0x10 Drivers/STM32F4xx_HAL_Driver/Src/stm32f4xx_hal.o
 .text.HAL_DBGMCU_DisableDBGSleepMode
                0x0000000000000000       0x10 Drivers/STM32F4xx_HAL_Driver/Src/stm32f4xx_hal.o
 .text.HAL_DBGMCU_EnableDBGStopMode
                0x0000000000000000       0x10 Drivers/STM32F4xx_HAL_Driver/Src/stm32f4xx_hal.o
 .text.HAL_DBGMCU_DisableDBGStopMode
                0x0000000000000000       0x10 Drivers/STM32F4xx_HAL_Driver/Src/stm32f4xx_hal.o
 .text.HAL_DBGMCU_EnableDBGStandbyMode
                0x0000000000000000       0x10 Drivers/STM32F4xx_HAL_Driver/Src/stm32f4xx_hal.o
 .text.HAL_DBGMCU_DisableDBGStandbyMode
                0x0000000000000000       0x10 Drivers/STM32F4xx_HAL_Driver/Src/stm32f4xx_hal.o
 .text.HAL_EnableCompensationCell
                0x0000000000000000        0xc Drivers/STM32F4xx_HAL_Driver/Src/stm32f4xx_hal.o
 .text.HAL_DisableCompensationCell
                0x0000000000000000        0xc Drivers/STM32F4xx_HAL_Driver/Src/stm32f4xx_hal.o
 .text.HAL_GetUID
                0x0000000000000000       0x20 Drivers/STM32F4xx_HAL_Driver/Src/stm32f4xx_hal.o
 .text          0x0000000000000000        0x0 Drivers/STM32F4xx_HAL_Driver/Src/stm32f4xx_hal_cortex.o
 .data          0x0000000000000000        0x0 Drivers/STM32F4xx_HAL_Driver/Src/stm32f4xx_hal_cortex.o
 .bss           0x0000000000000000        0x0 Drivers/STM32F4xx_HAL_Driver/Src/stm32f4xx_hal_cortex.o
 .text.HAL_NVIC_DisableIRQ
                0x0000000000000000       0x1c Drivers/STM32F4xx_HAL_Driver/Src/stm32f4xx_hal_cortex.o
 .text.HAL_NVIC_SystemReset
                0x0000000000000000       0x24 Drivers/STM32F4xx_HAL_Driver/Src/stm32f4xx_hal_cortex.o
 .text.HAL_MPU_Disable
                0x0000000000000000       0x20 Drivers/STM32F4xx_HAL_Driver/Src/stm32f4xx_hal_cortex.o
 .text.HAL_MPU_Enable
                0x0000000000000000       0x24 Drivers/STM32F4xx_HAL_Driver/Src/stm32f4xx_hal_cortex.o
 .text.HAL_MPU_ConfigRegion
                0x0000000000000000       0x50 Drivers/STM32F4xx_HAL_Driver/Src/stm32f4xx_hal_cortex.o
 .text.HAL_NVIC_GetPriorityGrouping
                0x0000000000000000       0x10 Drivers/STM32F4xx_HAL_Driver/Src/stm32f4xx_hal_cortex.o
 .text.HAL_NVIC_GetPriority
                0x0000000000000000       0x58 Drivers/STM32F4xx_HAL_Driver/Src/stm32f4xx_hal_cortex.o
 .text.HAL_NVIC_SetPendingIRQ
                0x0000000000000000       0x1c Drivers/STM32F4xx_HAL_Driver/Src/stm32f4xx_hal_cortex.o
 .text.HAL_NVIC_GetPendingIRQ
                0x0000000000000000       0x1c Drivers/STM32F4xx_HAL_Driver/Src/stm32f4xx_hal_cortex.o
 .text.HAL_NVIC_ClearPendingIRQ
                0x0000000000000000       0x1c Drivers/STM32F4xx_HAL_Driver/Src/stm32f4xx_hal_cortex.o
 .text.HAL_NVIC_GetActive
                0x0000000000000000       0x1c Drivers/STM32F4xx_HAL_Driver/Src/stm32f4xx_hal_cortex.o
 .text.HAL_SYSTICK_CLKSourceConfig
                0x0000000000000000       0x18 Drivers/STM32F4xx_HAL_Driver/Src/stm32f4xx_hal_cortex.o
 .text.HAL_SYSTICK_Callback
                0x0000000000000000        0x2 Drivers/STM32F4xx_HAL_Driver/Src/stm32f4xx_hal_cortex.o
 .text.HAL_SYSTICK_IRQHandler
                0x0000000000000000        0x8 Drivers/STM32F4xx_HAL_Driver/Src/stm32f4xx_hal_cortex.o
 .text          0x0000000000000000        0x0 Drivers/STM32F4xx_HAL_Driver/Src/stm32f4xx_hal_dma.o
 .data          0x0000000000000000        0x0 Drivers/STM32F4xx_HAL_Driver/Src/stm32f4xx_hal_dma.o
 .bss           0x0000000000000000        0x0 Drivers/STM32F4xx_HAL_Driver/Src/stm32f4xx_hal_dma.o
 .text.DMA_CalcBaseAndBitshift
                0x0000000000000000       0x2c Drivers/STM32F4xx_HAL_Driver/Src/stm32f4xx_hal_dma.o
 .text.HAL_DMA_Init
                0x0000000000000000       0xfc Drivers/STM32F4xx_HAL_Driver/Src/stm32f4xx_hal_dma.o
 .text.HAL_DMA_DeInit
                0x0000000000000000       0x48 Drivers/STM32F4xx_HAL_Driver/Src/stm32f4xx_hal_dma.o
 .text.HAL_DMA_Start
                0x0000000000000000       0x54 Drivers/STM32F4xx_HAL_Driver/Src/stm32f4xx_hal_dma.o
 .text.HAL_DMA_Start_IT
                0x0000000000000000       0x7c Drivers/STM32F4xx_HAL_Driver/Src/stm32f4xx_hal_dma.o
 .text.HAL_DMA_Abort
                0x0000000000000000       0x86 Drivers/STM32F4xx_HAL_Driver/Src/stm32f4xx_hal_dma.o
 .text.HAL_DMA_PollForTransfer
                0x0000000000000000      0x112 Drivers/STM32F4xx_HAL_Driver/Src/stm32f4xx_hal_dma.o
 .text.HAL_DMA_IRQHandler
                0x0000000000000000      0x174 Drivers/STM32F4xx_HAL_Driver/Src/stm32f4xx_hal_dma.o
 .text.HAL_DMA_RegisterCallback
                0x0000000000000000       0x50 Drivers/STM32F4xx_HAL_Driver/Src/stm32f4xx_hal_dma.o
 .text.HAL_DMA_UnRegisterCallback
                0x0000000000000000       0x5c Drivers/STM32F4xx_HAL_Driver/Src/stm32f4xx_hal_dma.o
 .text.HAL_DMA_GetState
                0x0000000000000000        0x6 Drivers/STM32F4xx_HAL_Driver/Src/stm32f4xx_hal_dma.o
 .text.HAL_DMA_GetError
                0x0000000000000000        0x4 Drivers/STM32F4xx_HAL_Driver/Src/stm32f4xx_hal_dma.o
 .rodata.flagBitshiftOffset.8352
                0x0000000000000000        0x8 Drivers/STM32F4xx_HAL_Driver/Src/stm32f4xx_hal_dma.o
 .text          0x0000000000000000        0x0 Drivers/STM32F4xx_HAL_Driver/Src/stm32f4xx_hal_dma_ex.o
 .data          0x0000000000000000        0x0 Drivers/STM32F4xx_HAL_Driver/Src/stm32f4xx_hal_dma_ex.o
 .bss           0x0000000000000000        0x0 Drivers/STM32F4xx_HAL_Driver/Src/stm32f4xx_hal_dma_ex.o
 .text.HAL_DMAEx_MultiBufferStart
                0x0000000000000000       0x5a Drivers/STM32F4xx_HAL_Driver/Src/stm32f4xx_hal_dma_ex.o
 .text.HAL_DMAEx_MultiBufferStart_IT
                0x0000000000000000      0x3e8 Drivers/STM32F4xx_HAL_Driver/Src/stm32f4xx_hal_dma_ex.o
 .text.HAL_DMAEx_ChangeMemory
                0x0000000000000000        0xe Drivers/STM32F4xx_HAL_Driver/Src/stm32f4xx_hal_dma_ex.o
 .debug_info    0x0000000000000000      0xdee Drivers/STM32F4xx_HAL_Driver/Src/stm32f4xx_hal_dma_ex.o
 .debug_abbrev  0x0000000000000000      0x258 Drivers/STM32F4xx_HAL_Driver/Src/stm32f4xx_hal_dma_ex.o
 .debug_loc     0x0000000000000000      0x452 Drivers/STM32F4xx_HAL_Driver/Src/stm32f4xx_hal_dma_ex.o
 .debug_aranges
                0x0000000000000000       0x30 Drivers/STM32F4xx_HAL_Driver/Src/stm32f4xx_hal_dma_ex.o
 .debug_ranges  0x0000000000000000       0x50 Drivers/STM32F4xx_HAL_Driver/Src/stm32f4xx_hal_dma_ex.o
 .debug_line    0x0000000000000000      0x5f8 Drivers/STM32F4xx_HAL_Driver/Src/stm32f4xx_hal_dma_ex.o
 .debug_str     0x0000000000000000      0x9f3 Drivers/STM32F4xx_HAL_Driver/Src/stm32f4xx_hal_dma_ex.o
 .comment       0x0000000000000000       0x7d Drivers/STM32F4xx_HAL_Driver/Src/stm32f4xx_hal_dma_ex.o
 .debug_frame   0x0000000000000000       0x58 Drivers/STM32F4xx_HAL_Driver/Src/stm32f4xx_hal_dma_ex.o
 .ARM.attributes
                0x0000000000000000       0x39 Drivers/STM32F4xx_HAL_Driver/Src/stm32f4xx_hal_dma_ex.o
 .text          0x0000000000000000        0x0 Drivers/STM32F4xx_HAL_Driver/Src/stm32f4xx_hal_flash.o
 .data          0x0000000000000000        0x0 Drivers/STM32F4xx_HAL_Driver/Src/stm32f4xx_hal_flash.o
 .bss           0x0000000000000000        0x0 Drivers/STM32F4xx_HAL_Driver/Src/stm32f4xx_hal_flash.o
 .text.FLASH_Program_DoubleWord
                0x0000000000000000       0x28 Drivers/STM32F4xx_HAL_Driver/Src/stm32f4xx_hal_flash.o
 .text.FLASH_Program_Word
                0x0000000000000000       0x24 Drivers/STM32F4xx_HAL_Driver/Src/stm32f4xx_hal_flash.o
 .text.FLASH_Program_HalfWord
                0x0000000000000000       0x24 Drivers/STM32F4xx_HAL_Driver/Src/stm32f4xx_hal_flash.o
 .text.FLASH_SetErrorCode
                0x0000000000000000       0x74 Drivers/STM32F4xx_HAL_Driver/Src/stm32f4xx_hal_flash.o
 .text.HAL_FLASH_Program_IT
                0x0000000000000000       0x74 Drivers/STM32F4xx_HAL_Driver/Src/stm32f4xx_hal_flash.o
 .text.HAL_FLASH_EndOfOperationCallback
                0x0000000000000000        0x2 Drivers/STM32F4xx_HAL_Driver/Src/stm32f4xx_hal_flash.o
 .text.HAL_FLASH_OperationErrorCallback
                0x0000000000000000        0x2 Drivers/STM32F4xx_HAL_Driver/Src/stm32f4xx_hal_flash.o
 .text.HAL_FLASH_IRQHandler
                0x0000000000000000       0xc4 Drivers/STM32F4xx_HAL_Driver/Src/stm32f4xx_hal_flash.o
 .text.HAL_FLASH_Unlock
                0x0000000000000000       0x24 Drivers/STM32F4xx_HAL_Driver/Src/stm32f4xx_hal_flash.o
 .text.HAL_FLASH_Lock
                0x0000000000000000       0x14 Drivers/STM32F4xx_HAL_Driver/Src/stm32f4xx_hal_flash.o
 .text.HAL_FLASH_OB_Unlock
                0x0000000000000000       0x24 Drivers/STM32F4xx_HAL_Driver/Src/stm32f4xx_hal_flash.o
 .text.HAL_FLASH_OB_Lock
                0x0000000000000000       0x14 Drivers/STM32F4xx_HAL_Driver/Src/stm32f4xx_hal_flash.o
 .text.HAL_FLASH_GetError
                0x0000000000000000        0xc Drivers/STM32F4xx_HAL_Driver/Src/stm32f4xx_hal_flash.o
 .text.FLASH_WaitForLastOperation
                0x0000000000000000       0x54 Drivers/STM32F4xx_HAL_Driver/Src/stm32f4xx_hal_flash.o
 .text.HAL_FLASH_Program
                0x0000000000000000       0x90 Drivers/STM32F4xx_HAL_Driver/Src/stm32f4xx_hal_flash.o
 .text.HAL_FLASH_OB_Launch
                0x0000000000000000       0x18 Drivers/STM32F4xx_HAL_Driver/Src/stm32f4xx_hal_flash.o
 .debug_info    0x0000000000000000      0xf5b Drivers/STM32F4xx_HAL_Driver/Src/stm32f4xx_hal_flash.o
 .debug_abbrev  0x0000000000000000      0x372 Drivers/STM32F4xx_HAL_Driver/Src/stm32f4xx_hal_flash.o
 .debug_loc     0x0000000000000000      0x2d9 Drivers/STM32F4xx_HAL_Driver/Src/stm32f4xx_hal_flash.o
 .debug_aranges
                0x0000000000000000       0x90 Drivers/STM32F4xx_HAL_Driver/Src/stm32f4xx_hal_flash.o
 .debug_ranges  0x0000000000000000       0xb0 Drivers/STM32F4xx_HAL_Driver/Src/stm32f4xx_hal_flash.o
 .debug_line    0x0000000000000000      0x4bf Drivers/STM32F4xx_HAL_Driver/Src/stm32f4xx_hal_flash.o
 .debug_str     0x0000000000000000      0x9dc Drivers/STM32F4xx_HAL_Driver/Src/stm32f4xx_hal_flash.o
 .comment       0x0000000000000000       0x7d Drivers/STM32F4xx_HAL_Driver/Src/stm32f4xx_hal_flash.o
 .debug_frame   0x0000000000000000      0x154 Drivers/STM32F4xx_HAL_Driver/Src/stm32f4xx_hal_flash.o
 .ARM.attributes
                0x0000000000000000       0x39 Drivers/STM32F4xx_HAL_Driver/Src/stm32f4xx_hal_flash.o
 COMMON         0x0000000000000000       0x20 Drivers/STM32F4xx_HAL_Driver/Src/stm32f4xx_hal_flash.o
 .text          0x0000000000000000        0x0 Drivers/STM32F4xx_HAL_Driver/Src/stm32f4xx_hal_flash_ex.o
 .data          0x0000000000000000        0x0 Drivers/STM32F4xx_HAL_Driver/Src/stm32f4xx_hal_flash_ex.o
 .bss           0x0000000000000000        0x0 Drivers/STM32F4xx_HAL_Driver/Src/stm32f4xx_hal_flash_ex.o
 .text.FLASH_MassErase.isra.0
                0x0000000000000000       0x24 Drivers/STM32F4xx_HAL_Driver/Src/stm32f4xx_hal_flash_ex.o
 .text.HAL_FLASHEx_OBProgram
                0x0000000000000000       0xb8 Drivers/STM32F4xx_HAL_Driver/Src/stm32f4xx_hal_flash_ex.o
 .text.HAL_FLASHEx_OBGetConfig
                0x0000000000000000       0x48 Drivers/STM32F4xx_HAL_Driver/Src/stm32f4xx_hal_flash_ex.o
 .text.FLASH_Erase_Sector
                0x0000000000000000       0x4c Drivers/STM32F4xx_HAL_Driver/Src/stm32f4xx_hal_flash_ex.o
 .text.HAL_FLASHEx_Erase_IT
                0x0000000000000000       0x60 Drivers/STM32F4xx_HAL_Driver/Src/stm32f4xx_hal_flash_ex.o
 .text.FLASH_FlushCaches
                0x0000000000000000       0x58 Drivers/STM32F4xx_HAL_Driver/Src/stm32f4xx_hal_flash_ex.o
 .text.HAL_FLASHEx_Erase
                0x0000000000000000       0x9c Drivers/STM32F4xx_HAL_Driver/Src/stm32f4xx_hal_flash_ex.o
 .debug_info    0x0000000000000000     0x10a1 Drivers/STM32F4xx_HAL_Driver/Src/stm32f4xx_hal_flash_ex.o
 .debug_abbrev  0x0000000000000000      0x365 Drivers/STM32F4xx_HAL_Driver/Src/stm32f4xx_hal_flash_ex.o
 .debug_loc     0x0000000000000000      0x3e5 Drivers/STM32F4xx_HAL_Driver/Src/stm32f4xx_hal_flash_ex.o
 .debug_aranges
                0x0000000000000000       0x50 Drivers/STM32F4xx_HAL_Driver/Src/stm32f4xx_hal_flash_ex.o
 .debug_ranges  0x0000000000000000       0xd8 Drivers/STM32F4xx_HAL_Driver/Src/stm32f4xx_hal_flash_ex.o
 .debug_line    0x0000000000000000      0x475 Drivers/STM32F4xx_HAL_Driver/Src/stm32f4xx_hal_flash_ex.o
 .debug_str     0x0000000000000000      0xa32 Drivers/STM32F4xx_HAL_Driver/Src/stm32f4xx_hal_flash_ex.o
 .comment       0x0000000000000000       0x7d Drivers/STM32F4xx_HAL_Driver/Src/stm32f4xx_hal_flash_ex.o
 .debug_frame   0x0000000000000000       0xa8 Drivers/STM32F4xx_HAL_Driver/Src/stm32f4xx_hal_flash_ex.o
 .ARM.attributes
                0x0000000000000000       0x39 Drivers/STM32F4xx_HAL_Driver/Src/stm32f4xx_hal_flash_ex.o
 .text          0x0000000000000000        0x0 Drivers/STM32F4xx_HAL_Driver/Src/stm32f4xx_hal_flash_ramfunc.o
 .data          0x0000000000000000        0x0 Drivers/STM32F4xx_HAL_Driver/Src/stm32f4xx_hal_flash_ramfunc.o
 .bss           0x0000000000000000        0x0 Drivers/STM32F4xx_HAL_Driver/Src/stm32f4xx_hal_flash_ramfunc.o
 .debug_info    0x0000000000000000      0x927 Drivers/STM32F4xx_HAL_Driver/Src/stm32f4xx_hal_flash_ramfunc.o
 .debug_abbrev  0x0000000000000000      0x15c Drivers/STM32F4xx_HAL_Driver/Src/stm32f4xx_hal_flash_ramfunc.o
 .debug_aranges
                0x0000000000000000       0x18 Drivers/STM32F4xx_HAL_Driver/Src/stm32f4xx_hal_flash_ramfunc.o
 .debug_line    0x0000000000000000      0x1e2 Drivers/STM32F4xx_HAL_Driver/Src/stm32f4xx_hal_flash_ramfunc.o
 .debug_str     0x0000000000000000      0x678 Drivers/STM32F4xx_HAL_Driver/Src/stm32f4xx_hal_flash_ramfunc.o
 .comment       0x0000000000000000       0x7d Drivers/STM32F4xx_HAL_Driver/Src/stm32f4xx_hal_flash_ramfunc.o
 .ARM.attributes
                0x0000000000000000       0x39 Drivers/STM32F4xx_HAL_Driver/Src/stm32f4xx_hal_flash_ramfunc.o
 .text          0x0000000000000000        0x0 Drivers/STM32F4xx_HAL_Driver/Src/stm32f4xx_hal_gpio.o
 .data          0x0000000000000000        0x0 Drivers/STM32F4xx_HAL_Driver/Src/stm32f4xx_hal_gpio.o
 .bss           0x0000000000000000        0x0 Drivers/STM32F4xx_HAL_Driver/Src/stm32f4xx_hal_gpio.o
 .text.HAL_GPIO_DeInit
                0x0000000000000000      0x130 Drivers/STM32F4xx_HAL_Driver/Src/stm32f4xx_hal_gpio.o
 .text.HAL_GPIO_ReadPin
                0x0000000000000000        0xc Drivers/STM32F4xx_HAL_Driver/Src/stm32f4xx_hal_gpio.o
 .text.HAL_GPIO_TogglePin
                0x0000000000000000        0x8 Drivers/STM32F4xx_HAL_Driver/Src/stm32f4xx_hal_gpio.o
 .text.HAL_GPIO_LockPin
                0x0000000000000000       0x2a Drivers/STM32F4xx_HAL_Driver/Src/stm32f4xx_hal_gpio.o
 .text.HAL_GPIO_EXTI_Callback
                0x0000000000000000        0x2 Drivers/STM32F4xx_HAL_Driver/Src/stm32f4xx_hal_gpio.o
 .text.HAL_GPIO_EXTI_IRQHandler
                0x0000000000000000       0x18 Drivers/STM32F4xx_HAL_Driver/Src/stm32f4xx_hal_gpio.o
 .text          0x0000000000000000        0x0 Drivers/STM32F4xx_HAL_Driver/Src/stm32f4xx_hal_pwr.o
 .data          0x0000000000000000        0x0 Drivers/STM32F4xx_HAL_Driver/Src/stm32f4xx_hal_pwr.o
 .bss           0x0000000000000000        0x0 Drivers/STM32F4xx_HAL_Driver/Src/stm32f4xx_hal_pwr.o
 .text.HAL_PWR_DeInit
                0x0000000000000000       0x18 Drivers/STM32F4xx_HAL_Driver/Src/stm32f4xx_hal_pwr.o
 .text.HAL_PWR_EnableBkUpAccess
                0x0000000000000000        0xc Drivers/STM32F4xx_HAL_Driver/Src/stm32f4xx_hal_pwr.o
 .text.HAL_PWR_DisableBkUpAccess
                0x0000000000000000        0xc Drivers/STM32F4xx_HAL_Driver/Src/stm32f4xx_hal_pwr.o
 .text.HAL_PWR_ConfigPVD
                0x0000000000000000       0x70 Drivers/STM32F4xx_HAL_Driver/Src/stm32f4xx_hal_pwr.o
 .text.HAL_PWR_EnablePVD
                0x0000000000000000        0xc Drivers/STM32F4xx_HAL_Driver/Src/stm32f4xx_hal_pwr.o
 .text.HAL_PWR_DisablePVD
                0x0000000000000000        0xc Drivers/STM32F4xx_HAL_Driver/Src/stm32f4xx_hal_pwr.o
 .text.HAL_PWR_EnableWakeUpPin
                0x0000000000000000       0x10 Drivers/STM32F4xx_HAL_Driver/Src/stm32f4xx_hal_pwr.o
 .text.HAL_PWR_DisableWakeUpPin
                0x0000000000000000       0x10 Drivers/STM32F4xx_HAL_Driver/Src/stm32f4xx_hal_pwr.o
 .text.HAL_PWR_EnterSLEEPMode
                0x0000000000000000       0x20 Drivers/STM32F4xx_HAL_Driver/Src/stm32f4xx_hal_pwr.o
 .text.HAL_PWR_EnterSTOPMode
                0x0000000000000000       0x38 Drivers/STM32F4xx_HAL_Driver/Src/stm32f4xx_hal_pwr.o
 .text.HAL_PWR_EnterSTANDBYMode
                0x0000000000000000       0x20 Drivers/STM32F4xx_HAL_Driver/Src/stm32f4xx_hal_pwr.o
 .text.HAL_PWR_PVDCallback
                0x0000000000000000        0x2 Drivers/STM32F4xx_HAL_Driver/Src/stm32f4xx_hal_pwr.o
 .text.HAL_PWR_PVD_IRQHandler
                0x0000000000000000       0x1c Drivers/STM32F4xx_HAL_Driver/Src/stm32f4xx_hal_pwr.o
 .text.HAL_PWR_EnableSleepOnExit
                0x0000000000000000       0x10 Drivers/STM32F4xx_HAL_Driver/Src/stm32f4xx_hal_pwr.o
 .text.HAL_PWR_DisableSleepOnExit
                0x0000000000000000       0x10 Drivers/STM32F4xx_HAL_Driver/Src/stm32f4xx_hal_pwr.o
 .text.HAL_PWR_EnableSEVOnPend
                0x0000000000000000       0x10 Drivers/STM32F4xx_HAL_Driver/Src/stm32f4xx_hal_pwr.o
 .text.HAL_PWR_DisableSEVOnPend
                0x0000000000000000       0x10 Drivers/STM32F4xx_HAL_Driver/Src/stm32f4xx_hal_pwr.o
 .debug_info    0x0000000000000000      0xfe9 Drivers/STM32F4xx_HAL_Driver/Src/stm32f4xx_hal_pwr.o
 .debug_abbrev  0x0000000000000000      0x21f Drivers/STM32F4xx_HAL_Driver/Src/stm32f4xx_hal_pwr.o
 .debug_loc     0x0000000000000000       0x84 Drivers/STM32F4xx_HAL_Driver/Src/stm32f4xx_hal_pwr.o
 .debug_aranges
                0x0000000000000000       0xa0 Drivers/STM32F4xx_HAL_Driver/Src/stm32f4xx_hal_pwr.o
 .debug_ranges  0x0000000000000000       0x90 Drivers/STM32F4xx_HAL_Driver/Src/stm32f4xx_hal_pwr.o
 .debug_line    0x0000000000000000      0x3e5 Drivers/STM32F4xx_HAL_Driver/Src/stm32f4xx_hal_pwr.o
 .debug_str     0x0000000000000000      0x9e1 Drivers/STM32F4xx_HAL_Driver/Src/stm32f4xx_hal_pwr.o
 .comment       0x0000000000000000       0x7d Drivers/STM32F4xx_HAL_Driver/Src/stm32f4xx_hal_pwr.o
 .debug_frame   0x0000000000000000      0x128 Drivers/STM32F4xx_HAL_Driver/Src/stm32f4xx_hal_pwr.o
 .ARM.attributes
                0x0000000000000000       0x39 Drivers/STM32F4xx_HAL_Driver/Src/stm32f4xx_hal_pwr.o
 .text          0x0000000000000000        0x0 Drivers/STM32F4xx_HAL_Driver/Src/stm32f4xx_hal_pwr_ex.o
 .data          0x0000000000000000        0x0 Drivers/STM32F4xx_HAL_Driver/Src/stm32f4xx_hal_pwr_ex.o
 .bss           0x0000000000000000        0x0 Drivers/STM32F4xx_HAL_Driver/Src/stm32f4xx_hal_pwr_ex.o
 .text.HAL_PWREx_EnableBkUpReg
                0x0000000000000000       0x34 Drivers/STM32F4xx_HAL_Driver/Src/stm32f4xx_hal_pwr_ex.o
 .text.HAL_PWREx_DisableBkUpReg
                0x0000000000000000       0x34 Drivers/STM32F4xx_HAL_Driver/Src/stm32f4xx_hal_pwr_ex.o
 .text.HAL_PWREx_EnableFlashPowerDown
                0x0000000000000000        0xc Drivers/STM32F4xx_HAL_Driver/Src/stm32f4xx_hal_pwr_ex.o
 .text.HAL_PWREx_DisableFlashPowerDown
                0x0000000000000000        0xc Drivers/STM32F4xx_HAL_Driver/Src/stm32f4xx_hal_pwr_ex.o
 .text.HAL_PWREx_GetVoltageRange
                0x0000000000000000       0x10 Drivers/STM32F4xx_HAL_Driver/Src/stm32f4xx_hal_pwr_ex.o
 .text.HAL_PWREx_ControlVoltageScaling
                0x0000000000000000       0x5c Drivers/STM32F4xx_HAL_Driver/Src/stm32f4xx_hal_pwr_ex.o
 .debug_info    0x0000000000000000      0xca4 Drivers/STM32F4xx_HAL_Driver/Src/stm32f4xx_hal_pwr_ex.o
 .debug_abbrev  0x0000000000000000      0x22e Drivers/STM32F4xx_HAL_Driver/Src/stm32f4xx_hal_pwr_ex.o
 .debug_loc     0x0000000000000000       0x7e Drivers/STM32F4xx_HAL_Driver/Src/stm32f4xx_hal_pwr_ex.o
 .debug_aranges
                0x0000000000000000       0x48 Drivers/STM32F4xx_HAL_Driver/Src/stm32f4xx_hal_pwr_ex.o
 .debug_ranges  0x0000000000000000       0x68 Drivers/STM32F4xx_HAL_Driver/Src/stm32f4xx_hal_pwr_ex.o
 .debug_line    0x0000000000000000      0x313 Drivers/STM32F4xx_HAL_Driver/Src/stm32f4xx_hal_pwr_ex.o
 .debug_str     0x0000000000000000      0x89c Drivers/STM32F4xx_HAL_Driver/Src/stm32f4xx_hal_pwr_ex.o
 .comment       0x0000000000000000       0x7d Drivers/STM32F4xx_HAL_Driver/Src/stm32f4xx_hal_pwr_ex.o
 .debug_frame   0x0000000000000000       0x98 Drivers/STM32F4xx_HAL_Driver/Src/stm32f4xx_hal_pwr_ex.o
 .ARM.attributes
                0x0000000000000000       0x39 Drivers/STM32F4xx_HAL_Driver/Src/stm32f4xx_hal_pwr_ex.o
 .text          0x0000000000000000        0x0 Drivers/STM32F4xx_HAL_Driver/Src/stm32f4xx_hal_rcc.o
 .data          0x0000000000000000        0x0 Drivers/STM32F4xx_HAL_Driver/Src/stm32f4xx_hal_rcc.o
 .bss           0x0000000000000000        0x0 Drivers/STM32F4xx_HAL_Driver/Src/stm32f4xx_hal_rcc.o
 .text.HAL_RCC_DeInit
                0x0000000000000000        0x4 Drivers/STM32F4xx_HAL_Driver/Src/stm32f4xx_hal_rcc.o
 .text.HAL_RCC_MCOConfig
                0x0000000000000000       0x98 Drivers/STM32F4xx_HAL_Driver/Src/stm32f4xx_hal_rcc.o
 .text.HAL_RCC_EnableCSS
                0x0000000000000000        0xc Drivers/STM32F4xx_HAL_Driver/Src/stm32f4xx_hal_rcc.o
 .text.HAL_RCC_DisableCSS
                0x0000000000000000        0xc Drivers/STM32F4xx_HAL_Driver/Src/stm32f4xx_hal_rcc.o
 .text.HAL_RCC_GetHCLKFreq
                0x0000000000000000        0xc Drivers/STM32F4xx_HAL_Driver/Src/stm32f4xx_hal_rcc.o
 .text.HAL_RCC_GetOscConfig
                0x0000000000000000       0x9c Drivers/STM32F4xx_HAL_Driver/Src/stm32f4xx_hal_rcc.o
 .text.HAL_RCC_GetClockConfig
                0x0000000000000000       0x3c Drivers/STM32F4xx_HAL_Driver/Src/stm32f4xx_hal_rcc.o
 .text.HAL_RCC_CSSCallback
                0x0000000000000000        0x2 Drivers/STM32F4xx_HAL_Driver/Src/stm32f4xx_hal_rcc.o
 .text.HAL_RCC_NMI_IRQHandler
                0x0000000000000000       0x20 Drivers/STM32F4xx_HAL_Driver/Src/stm32f4xx_hal_rcc.o
 .text          0x0000000000000000        0x0 Drivers/STM32F4xx_HAL_Driver/Src/stm32f4xx_hal_rcc_ex.o
 .data          0x0000000000000000        0x0 Drivers/STM32F4xx_HAL_Driver/Src/stm32f4xx_hal_rcc_ex.o
 .bss           0x0000000000000000        0x0 Drivers/STM32F4xx_HAL_Driver/Src/stm32f4xx_hal_rcc_ex.o
 .text.HAL_RCCEx_PeriphCLKConfig
                0x0000000000000000      0x130 Drivers/STM32F4xx_HAL_Driver/Src/stm32f4xx_hal_rcc_ex.o
 .text.HAL_RCCEx_GetPeriphCLKConfig
                0x0000000000000000       0x30 Drivers/STM32F4xx_HAL_Driver/Src/stm32f4xx_hal_rcc_ex.o
 .text.HAL_RCCEx_GetPeriphCLKFreq
                0x0000000000000000       0x5c Drivers/STM32F4xx_HAL_Driver/Src/stm32f4xx_hal_rcc_ex.o
 .text.HAL_RCCEx_EnablePLLI2S
                0x0000000000000000       0x60 Drivers/STM32F4xx_HAL_Driver/Src/stm32f4xx_hal_rcc_ex.o
 .text.HAL_RCCEx_DisablePLLI2S
                0x0000000000000000       0x30 Drivers/STM32F4xx_HAL_Driver/Src/stm32f4xx_hal_rcc_ex.o
 .text.HAL_RCC_DeInit
                0x0000000000000000      0x11c Drivers/STM32F4xx_HAL_Driver/Src/stm32f4xx_hal_rcc_ex.o
 .debug_info    0x0000000000000000      0xe75 Drivers/STM32F4xx_HAL_Driver/Src/stm32f4xx_hal_rcc_ex.o
 .debug_abbrev  0x0000000000000000      0x225 Drivers/STM32F4xx_HAL_Driver/Src/stm32f4xx_hal_rcc_ex.o
 .debug_loc     0x0000000000000000      0x2cf Drivers/STM32F4xx_HAL_Driver/Src/stm32f4xx_hal_rcc_ex.o
 .debug_aranges
                0x0000000000000000       0x48 Drivers/STM32F4xx_HAL_Driver/Src/stm32f4xx_hal_rcc_ex.o
 .debug_ranges  0x0000000000000000       0x50 Drivers/STM32F4xx_HAL_Driver/Src/stm32f4xx_hal_rcc_ex.o
 .debug_line    0x0000000000000000      0x40c Drivers/STM32F4xx_HAL_Driver/Src/stm32f4xx_hal_rcc_ex.o
 .debug_str     0x0000000000000000      0x944 Drivers/STM32F4xx_HAL_Driver/Src/stm32f4xx_hal_rcc_ex.o
 .comment       0x0000000000000000       0x7d Drivers/STM32F4xx_HAL_Driver/Src/stm32f4xx_hal_rcc_ex.o
 .debug_frame   0x0000000000000000       0xac Drivers/STM32F4xx_HAL_Driver/Src/stm32f4xx_hal_rcc_ex.o
 .ARM.attributes
                0x0000000000000000       0x39 Drivers/STM32F4xx_HAL_Driver/Src/stm32f4xx_hal_rcc_ex.o
 .text          0x0000000000000000        0x0 Drivers/STM32F4xx_HAL_Driver/Src/stm32f4xx_hal_tim.o
 .data          0x0000000000000000        0x0 Drivers/STM32F4xx_HAL_Driver/Src/stm32f4xx_hal_tim.o
 .bss           0x0000000000000000        0x0 Drivers/STM32F4xx_HAL_Driver/Src/stm32f4xx_hal_tim.o
 .debug_info    0x0000000000000000      0x927 Drivers/STM32F4xx_HAL_Driver/Src/stm32f4xx_hal_tim.o
 .debug_abbrev  0x0000000000000000      0x15c Drivers/STM32F4xx_HAL_Driver/Src/stm32f4xx_hal_tim.o
 .debug_aranges
                0x0000000000000000       0x18 Drivers/STM32F4xx_HAL_Driver/Src/stm32f4xx_hal_tim.o
 .debug_line    0x0000000000000000      0x1e2 Drivers/STM32F4xx_HAL_Driver/Src/stm32f4xx_hal_tim.o
 .debug_str     0x0000000000000000      0x66e Drivers/STM32F4xx_HAL_Driver/Src/stm32f4xx_hal_tim.o
 .comment       0x0000000000000000       0x7d Drivers/STM32F4xx_HAL_Driver/Src/stm32f4xx_hal_tim.o
 .ARM.attributes
                0x0000000000000000       0x39 Drivers/STM32F4xx_HAL_Driver/Src/stm32f4xx_hal_tim.o
 .text          0x0000000000000000        0x0 Drivers/STM32F4xx_HAL_Driver/Src/stm32f4xx_hal_tim_ex.o
 .data          0x0000000000000000        0x0 Drivers/STM32F4xx_HAL_Driver/Src/stm32f4xx_hal_tim_ex.o
 .bss           0x0000000000000000        0x0 Drivers/STM32F4xx_HAL_Driver/Src/stm32f4xx_hal_tim_ex.o
 .debug_info    0x0000000000000000      0x927 Drivers/STM32F4xx_HAL_Driver/Src/stm32f4xx_hal_tim_ex.o
 .debug_abbrev  0x0000000000000000      0x15c Drivers/STM32F4xx_HAL_Driver/Src/stm32f4xx_hal_tim_ex.o
 .debug_aranges
                0x0000000000000000       0x18 Drivers/STM32F4xx_HAL_Driver/Src/stm32f4xx_hal_tim_ex.o
 .debug_line    0x0000000000000000      0x1e2 Drivers/STM32F4xx_HAL_Driver/Src/stm32f4xx_hal_tim_ex.o
 .debug_str     0x0000000000000000      0x671 Drivers/STM32F4xx_HAL_Driver/Src/stm32f4xx_hal_tim_ex.o
 .comment       0x0000000000000000       0x7d Drivers/STM32F4xx_HAL_Driver/Src/stm32f4xx_hal_tim_ex.o
 .ARM.attributes
                0x0000000000000000       0x39 Drivers/STM32F4xx_HAL_Driver/Src/stm32f4xx_hal_tim_ex.o
 .text          0x0000000000000000        0x0 Drivers/STM32F4xx_HAL_Driver/Src/stm32f4xx_hal_uart.o
 .data          0x0000000000000000        0x0 Drivers/STM32F4xx_HAL_Driver/Src/stm32f4xx_hal_uart.o
 .bss           0x0000000000000000        0x0 Drivers/STM32F4xx_HAL_Driver/Src/stm32f4xx_hal_uart.o
 .text.HAL_UART_MspInit
                0x0000000000000000        0x2 Drivers/STM32F4xx_HAL_Driver/Src/stm32f4xx_hal_uart.o
 .text.HAL_HalfDuplex_Init
                0x0000000000000000       0x64 Drivers/STM32F4xx_HAL_Driver/Src/stm32f4xx_hal_uart.o
 .text.HAL_LIN_Init
                0x0000000000000000       0x76 Drivers/STM32F4xx_HAL_Driver/Src/stm32f4xx_hal_uart.o
 .text.HAL_MultiProcessor_Init
                0x0000000000000000       0x7e Drivers/STM32F4xx_HAL_Driver/Src/stm32f4xx_hal_uart.o
 .text.HAL_UART_MspDeInit
                0x0000000000000000        0x2 Drivers/STM32F4xx_HAL_Driver/Src/stm32f4xx_hal_uart.o
 .text.HAL_UART_DeInit
                0x0000000000000000       0x26 Drivers/STM32F4xx_HAL_Driver/Src/stm32f4xx_hal_uart.o
 .text.HAL_UART_Receive
                0x0000000000000000       0xc0 Drivers/STM32F4xx_HAL_Driver/Src/stm32f4xx_hal_uart.o
 .text.HAL_UART_Transmit_IT
                0x0000000000000000       0x3e Drivers/STM32F4xx_HAL_Driver/Src/stm32f4xx_hal_uart.o
 .text.HAL_UART_Receive_IT
                0x0000000000000000       0x46 Drivers/STM32F4xx_HAL_Driver/Src/stm32f4xx_hal_uart.o
 .text.HAL_UART_Transmit_DMA
                0x0000000000000000       0x74 Drivers/STM32F4xx_HAL_Driver/Src/stm32f4xx_hal_uart.o
 .text.HAL_UART_Receive_DMA
                0x0000000000000000       0x90 Drivers/STM32F4xx_HAL_Driver/Src/stm32f4xx_hal_uart.o
 .text.HAL_UART_DMAPause
                0x0000000000000000       0x5a Drivers/STM32F4xx_HAL_Driver/Src/stm32f4xx_hal_uart.o
 .text.HAL_UART_DMAResume
                0x0000000000000000       0x62 Drivers/STM32F4xx_HAL_Driver/Src/stm32f4xx_hal_uart.o
 .text.HAL_UART_DMAStop
                0x0000000000000000       0x5e Drivers/STM32F4xx_HAL_Driver/Src/stm32f4xx_hal_uart.o
 .text.HAL_UART_Abort
                0x0000000000000000       0x60 Drivers/STM32F4xx_HAL_Driver/Src/stm32f4xx_hal_uart.o
 .text.HAL_UART_AbortTransmit
                0x0000000000000000       0x34 Drivers/STM32F4xx_HAL_Driver/Src/stm32f4xx_hal_uart.o
 .text.HAL_UART_AbortReceive
                0x0000000000000000       0x3c Drivers/STM32F4xx_HAL_Driver/Src/stm32f4xx_hal_uart.o
 .text.UART_DMATransmitCplt
                0x0000000000000000       0x2c Drivers/STM32F4xx_HAL_Driver/Src/stm32f4xx_hal_uart.o
 .text.HAL_UART_TxHalfCpltCallback
                0x0000000000000000        0x2 Drivers/STM32F4xx_HAL_Driver/Src/stm32f4xx_hal_uart.o
 .text.UART_DMATxHalfCplt
                0x0000000000000000        0xa Drivers/STM32F4xx_HAL_Driver/Src/stm32f4xx_hal_uart.o
 .text.UART_DMAReceiveCplt
                0x0000000000000000       0x38 Drivers/STM32F4xx_HAL_Driver/Src/stm32f4xx_hal_uart.o
 .text.HAL_UART_RxHalfCpltCallback
                0x0000000000000000        0x2 Drivers/STM32F4xx_HAL_Driver/Src/stm32f4xx_hal_uart.o
 .text.UART_DMARxHalfCplt
                0x0000000000000000        0xa Drivers/STM32F4xx_HAL_Driver/Src/stm32f4xx_hal_uart.o
 .text.UART_DMAError
                0x0000000000000000       0x4e Drivers/STM32F4xx_HAL_Driver/Src/stm32f4xx_hal_uart.o
 .text.HAL_UART_AbortCpltCallback
                0x0000000000000000        0x2 Drivers/STM32F4xx_HAL_Driver/Src/stm32f4xx_hal_uart.o
 .text.HAL_UART_Abort_IT
                0x0000000000000000       0xa8 Drivers/STM32F4xx_HAL_Driver/Src/stm32f4xx_hal_uart.o
 .text.UART_DMARxAbortCallback
                0x0000000000000000       0x28 Drivers/STM32F4xx_HAL_Driver/Src/stm32f4xx_hal_uart.o
 .text.UART_DMATxAbortCallback
                0x0000000000000000       0x28 Drivers/STM32F4xx_HAL_Driver/Src/stm32f4xx_hal_uart.o
 .text.HAL_UART_AbortTransmitCpltCallback
                0x0000000000000000        0x2 Drivers/STM32F4xx_HAL_Driver/Src/stm32f4xx_hal_uart.o
 .text.HAL_UART_AbortTransmit_IT
                0x0000000000000000       0x50 Drivers/STM32F4xx_HAL_Driver/Src/stm32f4xx_hal_uart.o
 .text.UART_DMATxOnlyAbortCallback
                0x0000000000000000       0x14 Drivers/STM32F4xx_HAL_Driver/Src/stm32f4xx_hal_uart.o
 .text.HAL_UART_AbortReceiveCpltCallback
                0x0000000000000000        0x2 Drivers/STM32F4xx_HAL_Driver/Src/stm32f4xx_hal_uart.o
 .text.HAL_UART_AbortReceive_IT
                0x0000000000000000       0x58 Drivers/STM32F4xx_HAL_Driver/Src/stm32f4xx_hal_uart.o
 .text.UART_DMARxOnlyAbortCallback
                0x0000000000000000       0x14 Drivers/STM32F4xx_HAL_Driver/Src/stm32f4xx_hal_uart.o
 .text.HAL_LIN_SendBreak
                0x0000000000000000       0x2c Drivers/STM32F4xx_HAL_Driver/Src/stm32f4xx_hal_uart.o
 .text.HAL_MultiProcessor_EnterMuteMode
                0x0000000000000000       0x2c Drivers/STM32F4xx_HAL_Driver/Src/stm32f4xx_hal_uart.o
 .text.HAL_MultiProcessor_ExitMuteMode
                0x0000000000000000       0x2c Drivers/STM32F4xx_HAL_Driver/Src/stm32f4xx_hal_uart.o
 .text.HAL_HalfDuplex_EnableTransmitter
                0x0000000000000000       0x30 Drivers/STM32F4xx_HAL_Driver/Src/stm32f4xx_hal_uart.o
 .text.HAL_HalfDuplex_EnableReceiver
                0x0000000000000000       0x30 Drivers/STM32F4xx_HAL_Driver/Src/stm32f4xx_hal_uart.o
 .text.HAL_UART_GetState
                0x0000000000000000        0xc Drivers/STM32F4xx_HAL_Driver/Src/stm32f4xx_hal_uart.o
 .text.HAL_UART_GetError
                0x0000000000000000        0x4 Drivers/STM32F4xx_HAL_Driver/Src/stm32f4xx_hal_uart.o
 .text          0x0000000000000000        0x0 Src/main.o
 .data          0x0000000000000000        0x0 Src/main.o
 .bss           0x0000000000000000        0x0 Src/main.o
 .text.Error_Handler
                0x0000000000000000        0x2 Src/main.o
 .data.i        0x0000000000000000        0x4 Src/main.o
 .text          0x0000000000000000        0x0 Src/stm32f4xx_hal_msp.o
 .data          0x0000000000000000        0x0 Src/stm32f4xx_hal_msp.o
 .bss           0x0000000000000000        0x0 Src/stm32f4xx_hal_msp.o
 .text.HAL_UART_MspDeInit
                0x0000000000000000       0x34 Src/stm32f4xx_hal_msp.o
 .text          0x0000000000000000        0x0 Src/stm32f4xx_it.o
 .data          0x0000000000000000        0x0 Src/stm32f4xx_it.o
 .bss           0x0000000000000000        0x0 Src/stm32f4xx_it.o
 .text          0x0000000000000000        0x0 Src/system_stm32f4xx.o
 .data          0x0000000000000000        0x0 Src/system_stm32f4xx.o
 .bss           0x0000000000000000        0x0 Src/system_stm32f4xx.o
 .text.SystemCoreClockUpdate
                0x0000000000000000       0x74 Src/system_stm32f4xx.o
 .text          0x0000000000000000       0x14 startup/startup_stm32f407xx.o
 .data          0x0000000000000000        0x0 startup/startup_stm32f407xx.o
 .bss           0x0000000000000000        0x0 startup/startup_stm32f407xx.o
 .text          0x0000000000000000        0x0 /opt/Atollic_TrueSTUDIO_for_STM32_x86_64_9.2.0/ARMTools/bin/../lib/gcc/arm-atollic-eabi/6.3.1/../../../../arm-atollic-eabi/lib/armv7e-m/fpu/libc_nano.a(lib_a-init.o)
 .data          0x0000000000000000        0x0 /opt/Atollic_TrueSTUDIO_for_STM32_x86_64_9.2.0/ARMTools/bin/../lib/gcc/arm-atollic-eabi/6.3.1/../../../../arm-atollic-eabi/lib/armv7e-m/fpu/libc_nano.a(lib_a-init.o)
 .bss           0x0000000000000000        0x0 /opt/Atollic_TrueSTUDIO_for_STM32_x86_64_9.2.0/ARMTools/bin/../lib/gcc/arm-atollic-eabi/6.3.1/../../../../arm-atollic-eabi/lib/armv7e-m/fpu/libc_nano.a(lib_a-init.o)
 .text          0x0000000000000000        0x0 /opt/Atollic_TrueSTUDIO_for_STM32_x86_64_9.2.0/ARMTools/bin/../lib/gcc/arm-atollic-eabi/6.3.1/../../../../arm-atollic-eabi/lib/armv7e-m/fpu/libc_nano.a(lib_a-memset.o)
 .data          0x0000000000000000        0x0 /opt/Atollic_TrueSTUDIO_for_STM32_x86_64_9.2.0/ARMTools/bin/../lib/gcc/arm-atollic-eabi/6.3.1/../../../../arm-atollic-eabi/lib/armv7e-m/fpu/libc_nano.a(lib_a-memset.o)
 .bss           0x0000000000000000        0x0 /opt/Atollic_TrueSTUDIO_for_STM32_x86_64_9.2.0/ARMTools/bin/../lib/gcc/arm-atollic-eabi/6.3.1/../../../../arm-atollic-eabi/lib/armv7e-m/fpu/libc_nano.a(lib_a-memset.o)
 .data          0x0000000000000000        0x0 /opt/Atollic_TrueSTUDIO_for_STM32_x86_64_9.2.0/ARMTools/bin/../lib/gcc/arm-atollic-eabi/6.3.1/../../../../arm-atollic-eabi/lib/armv7e-m/fpu/libc_nano.a(lib_a-strlen.o)
 .bss           0x0000000000000000        0x0 /opt/Atollic_TrueSTUDIO_for_STM32_x86_64_9.2.0/ARMTools/bin/../lib/gcc/arm-atollic-eabi/6.3.1/../../../../arm-atollic-eabi/lib/armv7e-m/fpu/libc_nano.a(lib_a-strlen.o)
 .data          0x0000000000000000        0x0 /opt/Atollic_TrueSTUDIO_for_STM32_x86_64_9.2.0/ARMTools/bin/../lib/gcc/arm-atollic-eabi/6.3.1/armv7e-m/fpu/libgcc.a(_aeabi_uldivmod.o)
 .bss           0x0000000000000000        0x0 /opt/Atollic_TrueSTUDIO_for_STM32_x86_64_9.2.0/ARMTools/bin/../lib/gcc/arm-atollic-eabi/6.3.1/armv7e-m/fpu/libgcc.a(_aeabi_uldivmod.o)
 .data          0x0000000000000000        0x0 /opt/Atollic_TrueSTUDIO_for_STM32_x86_64_9.2.0/ARMTools/bin/../lib/gcc/arm-atollic-eabi/6.3.1/armv7e-m/fpu/libgcc.a(_udivmoddi4.o)
 .bss           0x0000000000000000        0x0 /opt/Atollic_TrueSTUDIO_for_STM32_x86_64_9.2.0/ARMTools/bin/../lib/gcc/arm-atollic-eabi/6.3.1/armv7e-m/fpu/libgcc.a(_udivmoddi4.o)
 .ARM.extab     0x0000000000000000        0x0 /opt/Atollic_TrueSTUDIO_for_STM32_x86_64_9.2.0/ARMTools/bin/../lib/gcc/arm-atollic-eabi/6.3.1/armv7e-m/fpu/libgcc.a(_udivmoddi4.o)
 .data          0x0000000000000000        0x0 /opt/Atollic_TrueSTUDIO_for_STM32_x86_64_9.2.0/ARMTools/bin/../lib/gcc/arm-atollic-eabi/6.3.1/armv7e-m/fpu/libgcc.a(_dvmd_tls.o)
 .bss           0x0000000000000000        0x0 /opt/Atollic_TrueSTUDIO_for_STM32_x86_64_9.2.0/ARMTools/bin/../lib/gcc/arm-atollic-eabi/6.3.1/armv7e-m/fpu/libgcc.a(_dvmd_tls.o)
 .text          0x0000000000000000        0x0 /opt/Atollic_TrueSTUDIO_for_STM32_x86_64_9.2.0/ARMTools/bin/../lib/gcc/arm-atollic-eabi/6.3.1/armv7e-m/fpu/crtend.o
 .data          0x0000000000000000        0x0 /opt/Atollic_TrueSTUDIO_for_STM32_x86_64_9.2.0/ARMTools/bin/../lib/gcc/arm-atollic-eabi/6.3.1/armv7e-m/fpu/crtend.o
 .bss           0x0000000000000000        0x0 /opt/Atollic_TrueSTUDIO_for_STM32_x86_64_9.2.0/ARMTools/bin/../lib/gcc/arm-atollic-eabi/6.3.1/armv7e-m/fpu/crtend.o
 .eh_frame      0x0000000000000000        0x4 /opt/Atollic_TrueSTUDIO_for_STM32_x86_64_9.2.0/ARMTools/bin/../lib/gcc/arm-atollic-eabi/6.3.1/armv7e-m/fpu/crtend.o
 .ARM.attributes
                0x0000000000000000       0x34 /opt/Atollic_TrueSTUDIO_for_STM32_x86_64_9.2.0/ARMTools/bin/../lib/gcc/arm-atollic-eabi/6.3.1/armv7e-m/fpu/crtend.o
 .text          0x0000000000000000        0x0 /opt/Atollic_TrueSTUDIO_for_STM32_x86_64_9.2.0/ARMTools/bin/../lib/gcc/arm-atollic-eabi/6.3.1/armv7e-m/fpu/crtn.o
 .data          0x0000000000000000        0x0 /opt/Atollic_TrueSTUDIO_for_STM32_x86_64_9.2.0/ARMTools/bin/../lib/gcc/arm-atollic-eabi/6.3.1/armv7e-m/fpu/crtn.o
 .bss           0x0000000000000000        0x0 /opt/Atollic_TrueSTUDIO_for_STM32_x86_64_9.2.0/ARMTools/bin/../lib/gcc/arm-atollic-eabi/6.3.1/armv7e-m/fpu/crtn.o

Memory Configuration

Name             Origin             Length             Attributes
RAM              0x0000000020000000 0x0000000000020000 xrw
CCMRAM           0x0000000010000000 0x0000000000010000 rw
FLASH            0x0000000008000000 0x0000000000100000 xr
*default*        0x0000000000000000 0xffffffffffffffff

Linker script and memory map

LOAD /opt/Atollic_TrueSTUDIO_for_STM32_x86_64_9.2.0/ARMTools/bin/../lib/gcc/arm-atollic-eabi/6.3.1/armv7e-m/fpu/crti.o
LOAD /opt/Atollic_TrueSTUDIO_for_STM32_x86_64_9.2.0/ARMTools/bin/../lib/gcc/arm-atollic-eabi/6.3.1/armv7e-m/fpu/crtbegin.o
LOAD Drivers/STM32F4xx_HAL_Driver/Src/stm32f4xx_hal.o
LOAD Drivers/STM32F4xx_HAL_Driver/Src/stm32f4xx_hal_cortex.o
LOAD Drivers/STM32F4xx_HAL_Driver/Src/stm32f4xx_hal_dma.o
LOAD Drivers/STM32F4xx_HAL_Driver/Src/stm32f4xx_hal_dma_ex.o
LOAD Drivers/STM32F4xx_HAL_Driver/Src/stm32f4xx_hal_flash.o
LOAD Drivers/STM32F4xx_HAL_Driver/Src/stm32f4xx_hal_flash_ex.o
LOAD Drivers/STM32F4xx_HAL_Driver/Src/stm32f4xx_hal_flash_ramfunc.o
LOAD Drivers/STM32F4xx_HAL_Driver/Src/stm32f4xx_hal_gpio.o
LOAD Drivers/STM32F4xx_HAL_Driver/Src/stm32f4xx_hal_pwr.o
LOAD Drivers/STM32F4xx_HAL_Driver/Src/stm32f4xx_hal_pwr_ex.o
LOAD Drivers/STM32F4xx_HAL_Driver/Src/stm32f4xx_hal_rcc.o
LOAD Drivers/STM32F4xx_HAL_Driver/Src/stm32f4xx_hal_rcc_ex.o
LOAD Drivers/STM32F4xx_HAL_Driver/Src/stm32f4xx_hal_tim.o
LOAD Drivers/STM32F4xx_HAL_Driver/Src/stm32f4xx_hal_tim_ex.o
LOAD Drivers/STM32F4xx_HAL_Driver/Src/stm32f4xx_hal_uart.o
LOAD Src/main.o
LOAD Src/stm32f4xx_hal_msp.o
LOAD Src/stm32f4xx_it.o
LOAD Src/system_stm32f4xx.o
LOAD startup/startup_stm32f407xx.o
                0x0000000000000080                malloc_getpagesize_P = 0x80
START GROUP
LOAD /opt/Atollic_TrueSTUDIO_for_STM32_x86_64_9.2.0/ARMTools/bin/../lib/gcc/arm-atollic-eabi/6.3.1/../../../../arm-atollic-eabi/lib/armv7e-m/fpu/libc_nano.a
LOAD /opt/Atollic_TrueSTUDIO_for_STM32_x86_64_9.2.0/ARMTools/bin/../lib/gcc/arm-atollic-eabi/6.3.1/../../../../arm-atollic-eabi/lib/armv7e-m/fpu/libm.a
END GROUP
START GROUP
LOAD /opt/Atollic_TrueSTUDIO_for_STM32_x86_64_9.2.0/ARMTools/bin/../lib/gcc/arm-atollic-eabi/6.3.1/armv7e-m/fpu/libgcc.a
LOAD /opt/Atollic_TrueSTUDIO_for_STM32_x86_64_9.2.0/ARMTools/bin/../lib/gcc/arm-atollic-eabi/6.3.1/../../../../arm-atollic-eabi/lib/armv7e-m/fpu/libc_nano.a
END GROUP
START GROUP
LOAD /opt/Atollic_TrueSTUDIO_for_STM32_x86_64_9.2.0/ARMTools/bin/../lib/gcc/arm-atollic-eabi/6.3.1/armv7e-m/fpu/libgcc.a
LOAD /opt/Atollic_TrueSTUDIO_for_STM32_x86_64_9.2.0/ARMTools/bin/../lib/gcc/arm-atollic-eabi/6.3.1/../../../../arm-atollic-eabi/lib/armv7e-m/fpu/libc_nano.a
LOAD /opt/Atollic_TrueSTUDIO_for_STM32_x86_64_9.2.0/ARMTools/bin/../lib/gcc/arm-atollic-eabi/6.3.1/../../../../arm-atollic-eabi/lib/armv7e-m/fpu/libnosys.a
END GROUP
START GROUP
LOAD /opt/Atollic_TrueSTUDIO_for_STM32_x86_64_9.2.0/ARMTools/bin/../lib/gcc/arm-atollic-eabi/6.3.1/armv7e-m/fpu/libgcc.a
LOAD /opt/Atollic_TrueSTUDIO_for_STM32_x86_64_9.2.0/ARMTools/bin/../lib/gcc/arm-atollic-eabi/6.3.1/../../../../arm-atollic-eabi/lib/armv7e-m/fpu/libc_nano.a
LOAD /opt/Atollic_TrueSTUDIO_for_STM32_x86_64_9.2.0/ARMTools/bin/../lib/gcc/arm-atollic-eabi/6.3.1/../../../../arm-atollic-eabi/lib/armv7e-m/fpu/libnosys.a
END GROUP
LOAD /opt/Atollic_TrueSTUDIO_for_STM32_x86_64_9.2.0/ARMTools/bin/../lib/gcc/arm-atollic-eabi/6.3.1/armv7e-m/fpu/crtend.o
LOAD /opt/Atollic_TrueSTUDIO_for_STM32_x86_64_9.2.0/ARMTools/bin/../lib/gcc/arm-atollic-eabi/6.3.1/armv7e-m/fpu/crtn.o
                0x0000000020020000                _estack = 0x20020000
                0x0000000000000200                _Min_Heap_Size = 0x200
                0x0000000000000400                _Min_Stack_Size = 0x400

.isr_vector     0x0000000008000000      0x188
                0x0000000008000000                . = ALIGN (0x4)
 *(.isr_vector)
 .isr_vector    0x0000000008000000      0x188 startup/startup_stm32f407xx.o
                0x0000000008000000                g_pfnVectors
                0x0000000008000188                . = ALIGN (0x4)

.text           0x0000000008000188     0x14bc
                0x0000000008000188                . = ALIGN (0x4)
 *(.text)
 .text          0x0000000008000188       0x40 /opt/Atollic_TrueSTUDIO_for_STM32_x86_64_9.2.0/ARMTools/bin/../lib/gcc/arm-atollic-eabi/6.3.1/armv7e-m/fpu/crtbegin.o
 .text          0x00000000080001c8       0x10 /opt/Atollic_TrueSTUDIO_for_STM32_x86_64_9.2.0/ARMTools/bin/../lib/gcc/arm-atollic-eabi/6.3.1/../../../../arm-atollic-eabi/lib/armv7e-m/fpu/libc_nano.a(lib_a-strlen.o)
                0x00000000080001c8                strlen
 .text          0x00000000080001d8       0x30 /opt/Atollic_TrueSTUDIO_for_STM32_x86_64_9.2.0/ARMTools/bin/../lib/gcc/arm-atollic-eabi/6.3.1/armv7e-m/fpu/libgcc.a(_aeabi_uldivmod.o)
                0x00000000080001d8                __aeabi_uldivmod
 .text          0x0000000008000208      0x2dc /opt/Atollic_TrueSTUDIO_for_STM32_x86_64_9.2.0/ARMTools/bin/../lib/gcc/arm-atollic-eabi/6.3.1/armv7e-m/fpu/libgcc.a(_udivmoddi4.o)
                0x0000000008000208                __udivmoddi4
 .text          0x00000000080004e4        0x4 /opt/Atollic_TrueSTUDIO_for_STM32_x86_64_9.2.0/ARMTools/bin/../lib/gcc/arm-atollic-eabi/6.3.1/armv7e-m/fpu/libgcc.a(_dvmd_tls.o)
                0x00000000080004e4                __aeabi_ldiv0
                0x00000000080004e4                __aeabi_idiv0
 *(.text*)
 .text.HAL_InitTick
                0x00000000080004e8       0x48 Drivers/STM32F4xx_HAL_Driver/Src/stm32f4xx_hal.o
                0x00000000080004e8                HAL_InitTick
 .text.HAL_Init
                0x0000000008000530       0x34 Drivers/STM32F4xx_HAL_Driver/Src/stm32f4xx_hal.o
                0x0000000008000530                HAL_Init
 .text.HAL_IncTick
                0x0000000008000564       0x18 Drivers/STM32F4xx_HAL_Driver/Src/stm32f4xx_hal.o
                0x0000000008000564                HAL_IncTick
 .text.HAL_GetTick
                0x000000000800057c        0xc Drivers/STM32F4xx_HAL_Driver/Src/stm32f4xx_hal.o
                0x000000000800057c                HAL_GetTick
 .text.HAL_Delay
                0x0000000008000588       0x28 Drivers/STM32F4xx_HAL_Driver/Src/stm32f4xx_hal.o
                0x0000000008000588                HAL_Delay
 .text.HAL_NVIC_SetPriorityGrouping
                0x00000000080005b0       0x24 Drivers/STM32F4xx_HAL_Driver/Src/stm32f4xx_hal_cortex.o
                0x00000000080005b0                HAL_NVIC_SetPriorityGrouping
 .text.HAL_NVIC_SetPriority
                0x00000000080005d4       0x68 Drivers/STM32F4xx_HAL_Driver/Src/stm32f4xx_hal_cortex.o
                0x00000000080005d4                HAL_NVIC_SetPriority
 .text.HAL_NVIC_EnableIRQ
                0x000000000800063c       0x18 Drivers/STM32F4xx_HAL_Driver/Src/stm32f4xx_hal_cortex.o
                0x000000000800063c                HAL_NVIC_EnableIRQ
 .text.HAL_SYSTICK_Config
                0x0000000008000654       0x2c Drivers/STM32F4xx_HAL_Driver/Src/stm32f4xx_hal_cortex.o
                0x0000000008000654                HAL_SYSTICK_Config
 .text.HAL_DMA_Abort_IT
                0x0000000008000680       0x24 Drivers/STM32F4xx_HAL_Driver/Src/stm32f4xx_hal_dma.o
                0x0000000008000680                HAL_DMA_Abort_IT
 .text.HAL_GPIO_Init
                0x00000000080006a4      0x1c0 Drivers/STM32F4xx_HAL_Driver/Src/stm32f4xx_hal_gpio.o
                0x00000000080006a4                HAL_GPIO_Init
 .text.HAL_GPIO_WritePin
                0x0000000008000864        0xa Drivers/STM32F4xx_HAL_Driver/Src/stm32f4xx_hal_gpio.o
                0x0000000008000864                HAL_GPIO_WritePin
 *fill*         0x000000000800086e        0x2 
 .text.HAL_RCC_OscConfig
                0x0000000008000870      0x304 Drivers/STM32F4xx_HAL_Driver/Src/stm32f4xx_hal_rcc.o
                0x0000000008000870                HAL_RCC_OscConfig
 .text.HAL_RCC_GetSysClockFreq
                0x0000000008000b74       0x5c Drivers/STM32F4xx_HAL_Driver/Src/stm32f4xx_hal_rcc.o
                0x0000000008000b74                HAL_RCC_GetSysClockFreq
 .text.HAL_RCC_ClockConfig
                0x0000000008000bd0      0x134 Drivers/STM32F4xx_HAL_Driver/Src/stm32f4xx_hal_rcc.o
                0x0000000008000bd0                HAL_RCC_ClockConfig
 .text.HAL_RCC_GetPCLK1Freq
                0x0000000008000d04       0x20 Drivers/STM32F4xx_HAL_Driver/Src/stm32f4xx_hal_rcc.o
                0x0000000008000d04                HAL_RCC_GetPCLK1Freq
 .text.HAL_RCC_GetPCLK2Freq
                0x0000000008000d24       0x20 Drivers/STM32F4xx_HAL_Driver/Src/stm32f4xx_hal_rcc.o
                0x0000000008000d24                HAL_RCC_GetPCLK2Freq
 .text.UART_EndRxTransfer
                0x0000000008000d44       0x1a Drivers/STM32F4xx_HAL_Driver/Src/stm32f4xx_hal_uart.o
 *fill*         0x0000000008000d5e        0x2 
 .text.UART_SetConfig
                0x0000000008000d60      0x234 Drivers/STM32F4xx_HAL_Driver/Src/stm32f4xx_hal_uart.o
 .text.UART_WaitOnFlagUntilTimeout.constprop.3
                0x0000000008000f94       0x50 Drivers/STM32F4xx_HAL_Driver/Src/stm32f4xx_hal_uart.o
 .text.HAL_UART_Init
                0x0000000008000fe4       0x5c Drivers/STM32F4xx_HAL_Driver/Src/stm32f4xx_hal_uart.o
                0x0000000008000fe4                HAL_UART_Init
 .text.HAL_UART_Transmit
                0x0000000008001040       0xba Drivers/STM32F4xx_HAL_Driver/Src/stm32f4xx_hal_uart.o
                0x0000000008001040                HAL_UART_Transmit
 .text.HAL_UART_TxCpltCallback
                0x00000000080010fa        0x2 Drivers/STM32F4xx_HAL_Driver/Src/stm32f4xx_hal_uart.o
                0x00000000080010fa                HAL_UART_TxCpltCallback
 .text.HAL_UART_RxCpltCallback
                0x00000000080010fc        0x2 Drivers/STM32F4xx_HAL_Driver/Src/stm32f4xx_hal_uart.o
                0x00000000080010fc                HAL_UART_RxCpltCallback
 .text.UART_Receive_IT
                0x00000000080010fe       0x74 Drivers/STM32F4xx_HAL_Driver/Src/stm32f4xx_hal_uart.o
 .text.HAL_UART_ErrorCallback
                0x0000000008001172        0x2 Drivers/STM32F4xx_HAL_Driver/Src/stm32f4xx_hal_uart.o
                0x0000000008001172                HAL_UART_ErrorCallback
 .text.HAL_UART_IRQHandler
                0x0000000008001174      0x140 Drivers/STM32F4xx_HAL_Driver/Src/stm32f4xx_hal_uart.o
                0x0000000008001174                HAL_UART_IRQHandler
 .text.UART_DMAAbortOnError
                0x00000000080012b4       0x10 Drivers/STM32F4xx_HAL_Driver/Src/stm32f4xx_hal_uart.o
 .text.SystemClock_Config
                0x00000000080012c4       0x94 Src/main.o
                0x00000000080012c4                SystemClock_Config
 .text.startup.main
                0x0000000008001358       0xfc Src/main.o
                0x0000000008001358                main
 .text.HAL_MspInit
                0x0000000008001454       0x40 Src/stm32f4xx_hal_msp.o
                0x0000000008001454                HAL_MspInit
 .text.HAL_UART_MspInit
                0x0000000008001494       0x80 Src/stm32f4xx_hal_msp.o
                0x0000000008001494                HAL_UART_MspInit
 .text.NMI_Handler
                0x0000000008001514        0x2 Src/stm32f4xx_it.o
                0x0000000008001514                NMI_Handler
 .text.HardFault_Handler
                0x0000000008001516        0x2 Src/stm32f4xx_it.o
                0x0000000008001516                HardFault_Handler
 .text.MemManage_Handler
                0x0000000008001518        0x2 Src/stm32f4xx_it.o
                0x0000000008001518                MemManage_Handler
 .text.BusFault_Handler
                0x000000000800151a        0x2 Src/stm32f4xx_it.o
                0x000000000800151a                BusFault_Handler
 .text.UsageFault_Handler
                0x000000000800151c        0x2 Src/stm32f4xx_it.o
                0x000000000800151c                UsageFault_Handler
 .text.SVC_Handler
                0x000000000800151e        0x2 Src/stm32f4xx_it.o
                0x000000000800151e                SVC_Handler
 .text.DebugMon_Handler
                0x0000000008001520        0x2 Src/stm32f4xx_it.o
                0x0000000008001520                DebugMon_Handler
 .text.PendSV_Handler
                0x0000000008001522        0x2 Src/stm32f4xx_it.o
                0x0000000008001522                PendSV_Handler
 .text.SysTick_Handler
                0x0000000008001524        0x4 Src/stm32f4xx_it.o
                0x0000000008001524                SysTick_Handler
 .text.USART2_IRQHandler
                0x0000000008001528        0xc Src/stm32f4xx_it.o
                0x0000000008001528                USART2_IRQHandler
 .text.SystemInit
                0x0000000008001534       0x4c Src/system_stm32f4xx.o
                0x0000000008001534                SystemInit
 .text.Reset_Handler
                0x0000000008001580       0x50 startup/startup_stm32f407xx.o
                0x0000000008001580                Reset_Handler
 .text.Default_Handler
                0x00000000080015d0        0x2 startup/startup_stm32f407xx.o
                0x00000000080015d0                RTC_Alarm_IRQHandler
                0x00000000080015d0                HASH_RNG_IRQHandler
                0x00000000080015d0                EXTI2_IRQHandler
                0x00000000080015d0                TIM8_CC_IRQHandler
                0x00000000080015d0                TIM1_CC_IRQHandler
                0x00000000080015d0                DMA2_Stream5_IRQHandler
                0x00000000080015d0                DMA1_Stream5_IRQHandler
                0x00000000080015d0                PVD_IRQHandler
                0x00000000080015d0                SDIO_IRQHandler
                0x00000000080015d0                TAMP_STAMP_IRQHandler
                0x00000000080015d0                CAN2_RX1_IRQHandler
                0x00000000080015d0                EXTI3_IRQHandler
                0x00000000080015d0                TIM8_TRG_COM_TIM14_IRQHandler
                0x00000000080015d0                TIM1_UP_TIM10_IRQHandler
                0x00000000080015d0                TIM8_UP_TIM13_IRQHandler
                0x00000000080015d0                I2C3_ER_IRQHandler
                0x00000000080015d0                EXTI0_IRQHandler
                0x00000000080015d0                I2C2_EV_IRQHandler
                0x00000000080015d0                DMA1_Stream2_IRQHandler
                0x00000000080015d0                CAN1_RX0_IRQHandler
                0x00000000080015d0                FPU_IRQHandler
                0x00000000080015d0                OTG_HS_WKUP_IRQHandler
                0x00000000080015d0                CAN2_SCE_IRQHandler
                0x00000000080015d0                DMA2_Stream2_IRQHandler
                0x00000000080015d0                SPI1_IRQHandler
                0x00000000080015d0                TIM6_DAC_IRQHandler
                0x00000000080015d0                TIM1_BRK_TIM9_IRQHandler
                0x00000000080015d0                DCMI_IRQHandler
                0x00000000080015d0                CAN2_RX0_IRQHandler
                0x00000000080015d0                DMA2_Stream3_IRQHandler
                0x00000000080015d0                USART6_IRQHandler
                0x00000000080015d0                USART3_IRQHandler
                0x00000000080015d0                CAN1_RX1_IRQHandler
                0x00000000080015d0                UART5_IRQHandler
                0x00000000080015d0                DMA2_Stream0_IRQHandler
                0x00000000080015d0                TIM4_IRQHandler
                0x00000000080015d0                I2C1_EV_IRQHandler
                0x00000000080015d0                DMA1_Stream6_IRQHandler
                0x00000000080015d0                DMA1_Stream1_IRQHandler
                0x00000000080015d0                UART4_IRQHandler
                0x00000000080015d0                TIM3_IRQHandler
                0x00000000080015d0                RCC_IRQHandler
                0x00000000080015d0                TIM8_BRK_TIM12_IRQHandler
                0x00000000080015d0                Default_Handler
                0x00000000080015d0                EXTI15_10_IRQHandler
                0x00000000080015d0                ADC_IRQHandler
                0x00000000080015d0                DMA1_Stream7_IRQHandler
                0x00000000080015d0                TIM7_IRQHandler
                0x00000000080015d0                CAN2_TX_IRQHandler
                0x00000000080015d0                TIM5_IRQHandler
                0x00000000080015d0                DMA2_Stream7_IRQHandler
                0x00000000080015d0                I2C3_EV_IRQHandler
                0x00000000080015d0                EXTI9_5_IRQHandler
                0x00000000080015d0                RTC_WKUP_IRQHandler
                0x00000000080015d0                ETH_WKUP_IRQHandler
                0x00000000080015d0                SPI2_IRQHandler
                0x00000000080015d0                OTG_HS_EP1_IN_IRQHandler
                0x00000000080015d0                DMA1_Stream0_IRQHandler
                0x00000000080015d0                CAN1_TX_IRQHandler
                0x00000000080015d0                EXTI4_IRQHandler
                0x00000000080015d0                FSMC_IRQHandler
                0x00000000080015d0                ETH_IRQHandler
                0x00000000080015d0                OTG_HS_EP1_OUT_IRQHandler
                0x00000000080015d0                WWDG_IRQHandler
                0x00000000080015d0                TIM2_IRQHandler
                0x00000000080015d0                OTG_FS_WKUP_IRQHandler
                0x00000000080015d0                TIM1_TRG_COM_TIM11_IRQHandler
                0x00000000080015d0                OTG_HS_IRQHandler
                0x00000000080015d0                EXTI1_IRQHandler
                0x00000000080015d0                I2C2_ER_IRQHandler
                0x00000000080015d0                DMA2_Stream1_IRQHandler
                0x00000000080015d0                CAN1_SCE_IRQHandler
                0x00000000080015d0                FLASH_IRQHandler
                0x00000000080015d0                DMA2_Stream4_IRQHandler
                0x00000000080015d0                USART1_IRQHandler
                0x00000000080015d0                OTG_FS_IRQHandler
                0x00000000080015d0                SPI3_IRQHandler
                0x00000000080015d0                DMA1_Stream4_IRQHandler
                0x00000000080015d0                I2C1_ER_IRQHandler
                0x00000000080015d0                DMA2_Stream6_IRQHandler
                0x00000000080015d0                DMA1_Stream3_IRQHandler
 *fill*         0x00000000080015d2        0x2 
 .text.__libc_init_array
                0x00000000080015d4       0x48 /opt/Atollic_TrueSTUDIO_for_STM32_x86_64_9.2.0/ARMTools/bin/../lib/gcc/arm-atollic-eabi/6.3.1/../../../../arm-atollic-eabi/lib/armv7e-m/fpu/libc_nano.a(lib_a-init.o)
                0x00000000080015d4                __libc_init_array
 .text.memset   0x000000000800161c       0x10 /opt/Atollic_TrueSTUDIO_for_STM32_x86_64_9.2.0/ARMTools/bin/../lib/gcc/arm-atollic-eabi/6.3.1/../../../../arm-atollic-eabi/lib/armv7e-m/fpu/libc_nano.a(lib_a-memset.o)
                0x000000000800161c                memset
 *(.glue_7)
 .glue_7        0x000000000800162c        0x0 linker stubs
 *(.glue_7t)
 .glue_7t       0x000000000800162c        0x0 linker stubs
 *(.eh_frame)
 .eh_frame      0x000000000800162c        0x0 /opt/Atollic_TrueSTUDIO_for_STM32_x86_64_9.2.0/ARMTools/bin/../lib/gcc/arm-atollic-eabi/6.3.1/armv7e-m/fpu/crtbegin.o
 *(.init)
 .init          0x000000000800162c        0x4 /opt/Atollic_TrueSTUDIO_for_STM32_x86_64_9.2.0/ARMTools/bin/../lib/gcc/arm-atollic-eabi/6.3.1/armv7e-m/fpu/crti.o
                0x000000000800162c                _init
 .init          0x0000000008001630        0x8 /opt/Atollic_TrueSTUDIO_for_STM32_x86_64_9.2.0/ARMTools/bin/../lib/gcc/arm-atollic-eabi/6.3.1/armv7e-m/fpu/crtn.o
 *(.fini)
 .fini          0x0000000008001638        0x4 /opt/Atollic_TrueSTUDIO_for_STM32_x86_64_9.2.0/ARMTools/bin/../lib/gcc/arm-atollic-eabi/6.3.1/armv7e-m/fpu/crti.o
                0x0000000008001638                _fini
 .fini          0x000000000800163c        0x8 /opt/Atollic_TrueSTUDIO_for_STM32_x86_64_9.2.0/ARMTools/bin/../lib/gcc/arm-atollic-eabi/6.3.1/armv7e-m/fpu/crtn.o
                0x0000000008001644                . = ALIGN (0x4)
                0x0000000008001644                _etext = .

.vfp11_veneer   0x0000000008001644        0x0
 .vfp11_veneer  0x0000000008001644        0x0 linker stubs

.v4_bx          0x0000000008001644        0x0
 .v4_bx         0x0000000008001644        0x0 linker stubs

.iplt           0x0000000008001644        0x0
 .iplt          0x0000000008001644        0x0 /opt/Atollic_TrueSTUDIO_for_STM32_x86_64_9.2.0/ARMTools/bin/../lib/gcc/arm-atollic-eabi/6.3.1/armv7e-m/fpu/crtbegin.o

.rodata         0x0000000008001644       0x54
                0x0000000008001644                . = ALIGN (0x4)
 *(.rodata)
 .rodata        0x0000000008001644       0x3c Src/main.o
 *(.rodata*)
 .rodata.AHBPrescTable
                0x0000000008001680       0x10 Src/system_stm32f4xx.o
                0x0000000008001680                AHBPrescTable
 .rodata.APBPrescTable
                0x0000000008001690        0x8 Src/system_stm32f4xx.o
                0x0000000008001690                APBPrescTable
                0x0000000008001698                . = ALIGN (0x4)

.ARM.extab
 *(.ARM.extab* .gnu.linkonce.armextab.*)

.ARM            0x0000000008001698        0x8
                0x0000000008001698                __exidx_start = .
 *(.ARM.exidx*)
 .ARM.exidx     0x0000000008001698        0x8 /opt/Atollic_TrueSTUDIO_for_STM32_x86_64_9.2.0/ARMTools/bin/../lib/gcc/arm-atollic-eabi/6.3.1/armv7e-m/fpu/libgcc.a(_udivmoddi4.o)
                0x00000000080016a0                __exidx_end = .

.rel.dyn        0x00000000080016a0        0x0
 .rel.iplt      0x00000000080016a0        0x0 /opt/Atollic_TrueSTUDIO_for_STM32_x86_64_9.2.0/ARMTools/bin/../lib/gcc/arm-atollic-eabi/6.3.1/armv7e-m/fpu/crtbegin.o

.preinit_array  0x00000000080016a0        0x0
                0x00000000080016a0                PROVIDE (__preinit_array_start, .)
 *(.preinit_array*)
                0x00000000080016a0                PROVIDE (__preinit_array_end, .)

.init_array     0x00000000080016a0        0x4
                0x00000000080016a0                PROVIDE (__init_array_start, .)
 *(SORT(.init_array.*))
 *(.init_array*)
 .init_array    0x00000000080016a0        0x4 /opt/Atollic_TrueSTUDIO_for_STM32_x86_64_9.2.0/ARMTools/bin/../lib/gcc/arm-atollic-eabi/6.3.1/armv7e-m/fpu/crtbegin.o
                0x00000000080016a4                PROVIDE (__init_array_end, .)

.fini_array     0x00000000080016a4        0x4
                [!provide]                        PROVIDE (__fini_array_start, .)
 *(SORT(.fini_array.*))
 *(.fini_array*)
 .fini_array    0x00000000080016a4        0x4 /opt/Atollic_TrueSTUDIO_for_STM32_x86_64_9.2.0/ARMTools/bin/../lib/gcc/arm-atollic-eabi/6.3.1/armv7e-m/fpu/crtbegin.o
                [!provide]                        PROVIDE (__fini_array_end, .)
                0x00000000080016a8                _sidata = LOADADDR (.data)

.data           0x0000000020000000        0xc load address 0x00000000080016a8
                0x0000000020000000                . = ALIGN (0x4)
                0x0000000020000000                _sdata = .
 *(.data)
 *(.data*)
 .data.uwTickFreq
                0x0000000020000000        0x1 Drivers/STM32F4xx_HAL_Driver/Src/stm32f4xx_hal.o
                0x0000000020000000                uwTickFreq
 *fill*         0x0000000020000001        0x3 
 .data.uwTickPrio
                0x0000000020000004        0x4 Drivers/STM32F4xx_HAL_Driver/Src/stm32f4xx_hal.o
                0x0000000020000004                uwTickPrio
 .data.SystemCoreClock
                0x0000000020000008        0x4 Src/system_stm32f4xx.o
                0x0000000020000008                SystemCoreClock
                0x000000002000000c                . = ALIGN (0x4)
                0x000000002000000c                _edata = .
                0x00000000080016b4                _siccmram = LOADADDR (.ccmram)

.igot.plt       0x000000002000000c        0x0 load address 0x00000000080016b4
 .igot.plt      0x000000002000000c        0x0 /opt/Atollic_TrueSTUDIO_for_STM32_x86_64_9.2.0/ARMTools/bin/../lib/gcc/arm-atollic-eabi/6.3.1/armv7e-m/fpu/crtbegin.o

.ccmram         0x0000000010000000        0x0 load address 0x00000000080016b4
                0x0000000010000000                . = ALIGN (0x4)
                0x0000000010000000                _sccmram = .
 *(.ccmram)
 *(.ccmram*)
                0x0000000010000000                . = ALIGN (0x4)
                0x0000000010000000                _eccmram = .
                0x0000000010000000                . = ALIGN (0x4)

.bss            0x000000002000000c       0xc8
                0x000000002000000c                _sbss = .
                0x000000002000000c                __bss_start__ = _sbss
 *(.bss)
 .bss           0x000000002000000c       0x1c /opt/Atollic_TrueSTUDIO_for_STM32_x86_64_9.2.0/ARMTools/bin/../lib/gcc/arm-atollic-eabi/6.3.1/armv7e-m/fpu/crtbegin.o
 *(.bss*)
 *(COMMON)
 COMMON         0x0000000020000028        0x4 Drivers/STM32F4xx_HAL_Driver/Src/stm32f4xx_hal.o
                0x0000000020000028                uwTick
 COMMON         0x000000002000002c       0xa8 Src/main.o
                0x000000002000002c                buffer
                0x0000000020000090                huart2
                0x00000000200000d0                len
                0x00000000200000d4                . = ALIGN (0x4)
                0x00000000200000d4                _ebss = .
                0x00000000200000d4                __bss_end__ = _ebss

._user_heap_stack
                0x00000000200000d4      0x600
                0x00000000200000d4                . = ALIGN (0x4)
                [!provide]                        PROVIDE (end, .)
                [!provide]                        PROVIDE (_end, .)
                0x00000000200002d4                . = (. + _Min_Heap_Size)
 *fill*         0x00000000200000d4      0x200 
                0x00000000200006d4                . = (. + _Min_Stack_Size)
 *fill*         0x00000000200002d4      0x400 
                0x00000000200006d4                . = ALIGN (0x4)

/DISCARD/
 libc.a(*)
 libm.a(*)
 libgcc.a(*)

.ARM.attributes
                0x0000000000000000       0x30
 *(.ARM.attributes)
 .ARM.attributes
                0x0000000000000000       0x22 /opt/Atollic_TrueSTUDIO_for_STM32_x86_64_9.2.0/ARMTools/bin/../lib/gcc/arm-atollic-eabi/6.3.1/armv7e-m/fpu/crti.o
 .ARM.attributes
                0x0000000000000022       0x34 /opt/Atollic_TrueSTUDIO_for_STM32_x86_64_9.2.0/ARMTools/bin/../lib/gcc/arm-atollic-eabi/6.3.1/armv7e-m/fpu/crtbegin.o
 .ARM.attributes
                0x0000000000000056       0x39 Drivers/STM32F4xx_HAL_Driver/Src/stm32f4xx_hal.o
 .ARM.attributes
                0x000000000000008f       0x39 Drivers/STM32F4xx_HAL_Driver/Src/stm32f4xx_hal_cortex.o
 .ARM.attributes
                0x00000000000000c8       0x39 Drivers/STM32F4xx_HAL_Driver/Src/stm32f4xx_hal_dma.o
 .ARM.attributes
                0x0000000000000101       0x39 Drivers/STM32F4xx_HAL_Driver/Src/stm32f4xx_hal_gpio.o
 .ARM.attributes
                0x000000000000013a       0x39 Drivers/STM32F4xx_HAL_Driver/Src/stm32f4xx_hal_rcc.o
 .ARM.attributes
                0x0000000000000173       0x39 Drivers/STM32F4xx_HAL_Driver/Src/stm32f4xx_hal_uart.o
 .ARM.attributes
                0x00000000000001ac       0x39 Src/main.o
 .ARM.attributes
                0x00000000000001e5       0x39 Src/stm32f4xx_hal_msp.o
 .ARM.attributes
                0x000000000000021e       0x39 Src/stm32f4xx_it.o
 .ARM.attributes
                0x0000000000000257       0x39 Src/system_stm32f4xx.o
 .ARM.attributes
                0x0000000000000290       0x21 startup/startup_stm32f407xx.o
 .ARM.attributes
                0x00000000000002b1       0x34 /opt/Atollic_TrueSTUDIO_for_STM32_x86_64_9.2.0/ARMTools/bin/../lib/gcc/arm-atollic-eabi/6.3.1/../../../../arm-atollic-eabi/lib/armv7e-m/fpu/libc_nano.a(lib_a-init.o)
 .ARM.attributes
                0x00000000000002e5       0x34 /opt/Atollic_TrueSTUDIO_for_STM32_x86_64_9.2.0/ARMTools/bin/../lib/gcc/arm-atollic-eabi/6.3.1/../../../../arm-atollic-eabi/lib/armv7e-m/fpu/libc_nano.a(lib_a-memset.o)
 .ARM.attributes
                0x0000000000000319       0x1b /opt/Atollic_TrueSTUDIO_for_STM32_x86_64_9.2.0/ARMTools/bin/../lib/gcc/arm-atollic-eabi/6.3.1/../../../../arm-atollic-eabi/lib/armv7e-m/fpu/libc_nano.a(lib_a-strlen.o)
 .ARM.attributes
                0x0000000000000334       0x22 /opt/Atollic_TrueSTUDIO_for_STM32_x86_64_9.2.0/ARMTools/bin/../lib/gcc/arm-atollic-eabi/6.3.1/armv7e-m/fpu/libgcc.a(_aeabi_uldivmod.o)
 .ARM.attributes
                0x0000000000000356       0x34 /opt/Atollic_TrueSTUDIO_for_STM32_x86_64_9.2.0/ARMTools/bin/../lib/gcc/arm-atollic-eabi/6.3.1/armv7e-m/fpu/libgcc.a(_udivmoddi4.o)
 .ARM.attributes
                0x000000000000038a       0x22 /opt/Atollic_TrueSTUDIO_for_STM32_x86_64_9.2.0/ARMTools/bin/../lib/gcc/arm-atollic-eabi/6.3.1/armv7e-m/fpu/libgcc.a(_dvmd_tls.o)
 .ARM.attributes
                0x00000000000003ac       0x22 /opt/Atollic_TrueSTUDIO_for_STM32_x86_64_9.2.0/ARMTools/bin/../lib/gcc/arm-atollic-eabi/6.3.1/armv7e-m/fpu/crtn.o
OUTPUT(uart_.elf elf32-littlearm)

.debug_info     0x0000000000000000     0xc1d7
 .debug_info    0x0000000000000000     0x11ec Drivers/STM32F4xx_HAL_Driver/Src/stm32f4xx_hal.o
 .debug_info    0x00000000000011ec     0x1744 Drivers/STM32F4xx_HAL_Driver/Src/stm32f4xx_hal_cortex.o
 .debug_info    0x0000000000002930     0x125c Drivers/STM32F4xx_HAL_Driver/Src/stm32f4xx_hal_dma.o
 .debug_info    0x0000000000003b8c      0xf88 Drivers/STM32F4xx_HAL_Driver/Src/stm32f4xx_hal_gpio.o
 .debug_info    0x0000000000004b14     0x1269 Drivers/STM32F4xx_HAL_Driver/Src/stm32f4xx_hal_rcc.o
 .debug_info    0x0000000000005d7d     0x1ea3 Drivers/STM32F4xx_HAL_Driver/Src/stm32f4xx_hal_uart.o
 .debug_info    0x0000000000007c20     0x159f Src/main.o
 .debug_info    0x00000000000091bf     0x1419 Src/stm32f4xx_hal_msp.o
 .debug_info    0x000000000000a5d8      0xe5a Src/stm32f4xx_it.o
 .debug_info    0x000000000000b432      0xd1c Src/system_stm32f4xx.o
 .debug_info    0x000000000000c14e       0x89 startup/startup_stm32f407xx.o

.debug_abbrev   0x0000000000000000     0x1c62
 .debug_abbrev  0x0000000000000000      0x308 Drivers/STM32F4xx_HAL_Driver/Src/stm32f4xx_hal.o
 .debug_abbrev  0x0000000000000308      0x399 Drivers/STM32F4xx_HAL_Driver/Src/stm32f4xx_hal_cortex.o
 .debug_abbrev  0x00000000000006a1      0x34a Drivers/STM32F4xx_HAL_Driver/Src/stm32f4xx_hal_dma.o
 .debug_abbrev  0x00000000000009eb      0x268 Drivers/STM32F4xx_HAL_Driver/Src/stm32f4xx_hal_gpio.o
 .debug_abbrev  0x0000000000000c53      0x353 Drivers/STM32F4xx_HAL_Driver/Src/stm32f4xx_hal_rcc.o
 .debug_abbrev  0x0000000000000fa6      0x397 Drivers/STM32F4xx_HAL_Driver/Src/stm32f4xx_hal_uart.o
 .debug_abbrev  0x000000000000133d      0x2f7 Src/main.o
 .debug_abbrev  0x0000000000001634      0x23b Src/stm32f4xx_hal_msp.o
 .debug_abbrev  0x000000000000186f      0x217 Src/stm32f4xx_it.o
 .debug_abbrev  0x0000000000001a86      0x1ca Src/system_stm32f4xx.o
 .debug_abbrev  0x0000000000001c50       0x12 startup/startup_stm32f407xx.o

.debug_loc      0x0000000000000000     0x2920
 .debug_loc     0x0000000000000000      0x11b Drivers/STM32F4xx_HAL_Driver/Src/stm32f4xx_hal.o
 .debug_loc     0x000000000000011b      0x4fb Drivers/STM32F4xx_HAL_Driver/Src/stm32f4xx_hal_cortex.o
 .debug_loc     0x0000000000000616      0x727 Drivers/STM32F4xx_HAL_Driver/Src/stm32f4xx_hal_dma.o
 .debug_loc     0x0000000000000d3d      0x3cd Drivers/STM32F4xx_HAL_Driver/Src/stm32f4xx_hal_gpio.o
 .debug_loc     0x000000000000110a      0x336 Drivers/STM32F4xx_HAL_Driver/Src/stm32f4xx_hal_rcc.o
 .debug_loc     0x0000000000001440     0x132c Drivers/STM32F4xx_HAL_Driver/Src/stm32f4xx_hal_uart.o
 .debug_loc     0x000000000000276c       0x40 Src/main.o
 .debug_loc     0x00000000000027ac       0x58 Src/stm32f4xx_hal_msp.o
 .debug_loc     0x0000000000002804      0x11c Src/system_stm32f4xx.o

.debug_aranges  0x0000000000000000      0x550
 .debug_aranges
                0x0000000000000000       0xd8 Drivers/STM32F4xx_HAL_Driver/Src/stm32f4xx_hal.o
 .debug_aranges
                0x00000000000000d8       0xa8 Drivers/STM32F4xx_HAL_Driver/Src/stm32f4xx_hal_cortex.o
 .debug_aranges
                0x0000000000000180       0x80 Drivers/STM32F4xx_HAL_Driver/Src/stm32f4xx_hal_dma.o
 .debug_aranges
                0x0000000000000200       0x58 Drivers/STM32F4xx_HAL_Driver/Src/stm32f4xx_hal_gpio.o
 .debug_aranges
                0x0000000000000258       0x88 Drivers/STM32F4xx_HAL_Driver/Src/stm32f4xx_hal_rcc.o
 .debug_aranges
                0x00000000000002e0      0x170 Drivers/STM32F4xx_HAL_Driver/Src/stm32f4xx_hal_uart.o
 .debug_aranges
                0x0000000000000450       0x30 Src/main.o
 .debug_aranges
                0x0000000000000480       0x30 Src/stm32f4xx_hal_msp.o
 .debug_aranges
                0x00000000000004b0       0x50 Src/stm32f4xx_it.o
 .debug_aranges
                0x0000000000000500       0x28 Src/system_stm32f4xx.o
 .debug_aranges
                0x0000000000000528       0x28 startup/startup_stm32f407xx.o

.debug_ranges   0x0000000000000000      0x6c0
 .debug_ranges  0x0000000000000000       0xc8 Drivers/STM32F4xx_HAL_Driver/Src/stm32f4xx_hal.o
 .debug_ranges  0x00000000000000c8      0x138 Drivers/STM32F4xx_HAL_Driver/Src/stm32f4xx_hal_cortex.o
 .debug_ranges  0x0000000000000200       0xc8 Drivers/STM32F4xx_HAL_Driver/Src/stm32f4xx_hal_dma.o
 .debug_ranges  0x00000000000002c8       0x68 Drivers/STM32F4xx_HAL_Driver/Src/stm32f4xx_hal_gpio.o
 .debug_ranges  0x0000000000000330       0xb0 Drivers/STM32F4xx_HAL_Driver/Src/stm32f4xx_hal_rcc.o
 .debug_ranges  0x00000000000003e0      0x178 Drivers/STM32F4xx_HAL_Driver/Src/stm32f4xx_hal_uart.o
 .debug_ranges  0x0000000000000558       0xa0 Src/main.o
 .debug_ranges  0x00000000000005f8       0x50 Src/stm32f4xx_hal_msp.o
 .debug_ranges  0x0000000000000648       0x40 Src/stm32f4xx_it.o
 .debug_ranges  0x0000000000000688       0x18 Src/system_stm32f4xx.o
 .debug_ranges  0x00000000000006a0       0x20 startup/startup_stm32f407xx.o

.debug_line     0x0000000000000000     0x3115
 .debug_line    0x0000000000000000      0x471 Drivers/STM32F4xx_HAL_Driver/Src/stm32f4xx_hal.o
 .debug_line    0x0000000000000471      0x4bb Drivers/STM32F4xx_HAL_Driver/Src/stm32f4xx_hal_cortex.o
 .debug_line    0x000000000000092c      0x5d6 Drivers/STM32F4xx_HAL_Driver/Src/stm32f4xx_hal_dma.o
 .debug_line    0x0000000000000f02      0x459 Drivers/STM32F4xx_HAL_Driver/Src/stm32f4xx_hal_gpio.o
 .debug_line    0x000000000000135b      0x56a Drivers/STM32F4xx_HAL_Driver/Src/stm32f4xx_hal_rcc.o
 .debug_line    0x00000000000018c5      0xbce Drivers/STM32F4xx_HAL_Driver/Src/stm32f4xx_hal_uart.o
 .debug_line    0x0000000000002493      0x3b1 Src/main.o
 .debug_line    0x0000000000002844      0x303 Src/stm32f4xx_hal_msp.o
 .debug_line    0x0000000000002b47      0x2fb Src/stm32f4xx_it.o
 .debug_line    0x0000000000002e42      0x254 Src/system_stm32f4xx.o
 .debug_line    0x0000000000003096       0x7f startup/startup_stm32f407xx.o

.debug_str      0x0000000000000000     0x2565
 .debug_str     0x0000000000000000      0xf25 Drivers/STM32F4xx_HAL_Driver/Src/stm32f4xx_hal.o
                                        0xfcb (size before relaxing)
 .debug_str     0x0000000000000f25      0x3ca Drivers/STM32F4xx_HAL_Driver/Src/stm32f4xx_hal_cortex.o
                                       0x10a2 (size before relaxing)
 .debug_str     0x00000000000012ef      0x534 Drivers/STM32F4xx_HAL_Driver/Src/stm32f4xx_hal_dma.o
                                        0xbfe (size before relaxing)
 .debug_str     0x0000000000001823      0x1de Drivers/STM32F4xx_HAL_Driver/Src/stm32f4xx_hal_gpio.o
                                        0x978 (size before relaxing)
 .debug_str     0x0000000000001a01      0x2e9 Drivers/STM32F4xx_HAL_Driver/Src/stm32f4xx_hal_rcc.o
                                        0xb4b (size before relaxing)
 .debug_str     0x0000000000001cea      0x6e2 Drivers/STM32F4xx_HAL_Driver/Src/stm32f4xx_hal_uart.o
                                       0x107a (size before relaxing)
 .debug_str     0x00000000000023cc       0x81 Src/main.o
                                        0xdf2 (size before relaxing)
 .debug_str     0x000000000000244d       0x1b Src/stm32f4xx_hal_msp.o
                                       0x1159 (size before relaxing)
 .debug_str     0x0000000000002468       0xb8 Src/stm32f4xx_it.o
                                        0xb10 (size before relaxing)
 .debug_str     0x0000000000002520       0x45 Src/system_stm32f4xx.o
                                        0x7dc (size before relaxing)

.comment        0x0000000000000000       0x7c
 .comment       0x0000000000000000       0x7c Drivers/STM32F4xx_HAL_Driver/Src/stm32f4xx_hal.o
                                         0x7d (size before relaxing)
 .comment       0x000000000000007c       0x7d Drivers/STM32F4xx_HAL_Driver/Src/stm32f4xx_hal_cortex.o
 .comment       0x000000000000007c       0x7d Drivers/STM32F4xx_HAL_Driver/Src/stm32f4xx_hal_dma.o
 .comment       0x000000000000007c       0x7d Drivers/STM32F4xx_HAL_Driver/Src/stm32f4xx_hal_gpio.o
 .comment       0x000000000000007c       0x7d Drivers/STM32F4xx_HAL_Driver/Src/stm32f4xx_hal_rcc.o
 .comment       0x000000000000007c       0x7d Drivers/STM32F4xx_HAL_Driver/Src/stm32f4xx_hal_uart.o
 .comment       0x000000000000007c       0x7d Src/main.o
 .comment       0x000000000000007c       0x7d Src/stm32f4xx_hal_msp.o
 .comment       0x000000000000007c       0x7d Src/stm32f4xx_it.o
 .comment       0x000000000000007c       0x7d Src/system_stm32f4xx.o

.debug_frame    0x0000000000000000      0xd88
 .debug_frame   0x0000000000000000      0x1d0 Drivers/STM32F4xx_HAL_Driver/Src/stm32f4xx_hal.o
 .debug_frame   0x00000000000001d0      0x158 Drivers/STM32F4xx_HAL_Driver/Src/stm32f4xx_hal_cortex.o
 .debug_frame   0x0000000000000328      0x150 Drivers/STM32F4xx_HAL_Driver/Src/stm32f4xx_hal_dma.o
 .debug_frame   0x0000000000000478       0xd8 Drivers/STM32F4xx_HAL_Driver/Src/stm32f4xx_hal_gpio.o
 .debug_frame   0x0000000000000550      0x13c Drivers/STM32F4xx_HAL_Driver/Src/stm32f4xx_hal_rcc.o
 .debug_frame   0x000000000000068c      0x4a0 Drivers/STM32F4xx_HAL_Driver/Src/stm32f4xx_hal_uart.o
 .debug_frame   0x0000000000000b2c       0x60 Src/main.o
 .debug_frame   0x0000000000000b8c       0x68 Src/stm32f4xx_hal_msp.o
 .debug_frame   0x0000000000000bf4       0xb0 Src/stm32f4xx_it.o
 .debug_frame   0x0000000000000ca4       0x38 Src/system_stm32f4xx.o
 .debug_frame   0x0000000000000cdc       0x2c /opt/Atollic_TrueSTUDIO_for_STM32_x86_64_9.2.0/ARMTools/bin/../lib/gcc/arm-atollic-eabi/6.3.1/../../../../arm-atollic-eabi/lib/armv7e-m/fpu/libc_nano.a(lib_a-init.o)
 .debug_frame   0x0000000000000d08       0x20 /opt/Atollic_TrueSTUDIO_for_STM32_x86_64_9.2.0/ARMTools/bin/../lib/gcc/arm-atollic-eabi/6.3.1/../../../../arm-atollic-eabi/lib/armv7e-m/fpu/libc_nano.a(lib_a-memset.o)
 .debug_frame   0x0000000000000d28       0x2c /opt/Atollic_TrueSTUDIO_for_STM32_x86_64_9.2.0/ARMTools/bin/../lib/gcc/arm-atollic-eabi/6.3.1/armv7e-m/fpu/libgcc.a(_aeabi_uldivmod.o)
 .debug_frame   0x0000000000000d54       0x34 /opt/Atollic_TrueSTUDIO_for_STM32_x86_64_9.2.0/ARMTools/bin/../lib/gcc/arm-atollic-eabi/6.3.1/armv7e-m/fpu/libgcc.a(_udivmoddi4.o)
